Component: ARM Compiler 5.06 update 6 (build 750) Tool: armlink [4d35ed]

==============================================================================

Section Cross References

    startup_stm32f103xb.o(STACK) refers (Special) to heapauxi.o(.text) for __use_two_region_memory
    startup_stm32f103xb.o(HEAP) refers (Special) to heapauxi.o(.text) for __use_two_region_memory
    startup_stm32f103xb.o(RESET) refers (Special) to heapauxi.o(.text) for __use_two_region_memory
    startup_stm32f103xb.o(RESET) refers to startup_stm32f103xb.o(STACK) for __initial_sp
    startup_stm32f103xb.o(RESET) refers to startup_stm32f103xb.o(.text) for Reset_Handler
    startup_stm32f103xb.o(RESET) refers to stm32f1xx_it.o(i.NMI_Handler) for NMI_Handler
    startup_stm32f103xb.o(RESET) refers to stm32f1xx_it.o(i.HardFault_Handler) for HardFault_Handler
    startup_stm32f103xb.o(RESET) refers to stm32f1xx_it.o(i.MemManage_Handler) for MemManage_Handler
    startup_stm32f103xb.o(RESET) refers to stm32f1xx_it.o(i.BusFault_Handler) for BusFault_Handler
    startup_stm32f103xb.o(RESET) refers to stm32f1xx_it.o(i.UsageFault_Handler) for UsageFault_Handler
    startup_stm32f103xb.o(RESET) refers to stm32f1xx_it.o(i.SVC_Handler) for SVC_Handler
    startup_stm32f103xb.o(RESET) refers to stm32f1xx_it.o(i.DebugMon_Handler) for DebugMon_Handler
    startup_stm32f103xb.o(RESET) refers to stm32f1xx_it.o(i.PendSV_Handler) for PendSV_Handler
    startup_stm32f103xb.o(RESET) refers to stm32f1xx_it.o(i.SysTick_Handler) for SysTick_Handler
    startup_stm32f103xb.o(RESET) refers to stm32f1xx_it.o(i.TIM2_IRQHandler) for TIM2_IRQHandler
    startup_stm32f103xb.o(.text) refers (Special) to heapauxi.o(.text) for __use_two_region_memory
    startup_stm32f103xb.o(.text) refers to system_stm32f1xx.o(i.SystemInit) for SystemInit
    startup_stm32f103xb.o(.text) refers to __main.o(!!!main) for __main
    startup_stm32f103xb.o(.text) refers to startup_stm32f103xb.o(HEAP) for Heap_Mem
    startup_stm32f103xb.o(.text) refers to startup_stm32f103xb.o(STACK) for Stack_Mem
    key.o(i.key_scanf) refers to stm32f1xx_hal_gpio.o(i.HAL_GPIO_ReadPin) for HAL_GPIO_ReadPin
    key.o(i.key_scanf) refers to stm32f1xx_hal.o(i.HAL_Delay) for HAL_Delay
    encoder.o(i.encoder_init) refers to stm32f1xx_hal_tim.o(i.HAL_TIM_Encoder_Start) for HAL_TIM_Encoder_Start
    encoder.o(i.encoder_init) refers to tim.o(.bss) for htim3
    encoder.o(i.get_cnt) refers to tim.o(.bss) for htim3
    main.o(i.HAL_TIM_PeriodElapsedCallback) refers to encoder.o(i.get_cnt) for get_cnt
    main.o(i.HAL_TIM_PeriodElapsedCallback) refers to tim.o(.bss) for htim2
    main.o(i.HAL_TIM_PeriodElapsedCallback) refers to main.o(.data) for .data
    main.o(i.SystemClock_Config) refers to rt_memclr_w.o(.text) for __aeabi_memclr4
    main.o(i.SystemClock_Config) refers to stm32f1xx_hal_rcc.o(i.HAL_RCC_OscConfig) for HAL_RCC_OscConfig
    main.o(i.SystemClock_Config) refers to stm32f1xx_hal_rcc.o(i.HAL_RCC_ClockConfig) for HAL_RCC_ClockConfig
    main.o(i.SystemClock_Config) refers to stm32f1xx_hal_rcc_ex.o(i.HAL_RCCEx_PeriphCLKConfig) for HAL_RCCEx_PeriphCLKConfig
    main.o(i.animation) refers to feqf.o(x$fpl$feqf) for __aeabi_cfcmpeq
    main.o(i.animation) refers to faddsub_clz.o(x$fpl$fsub) for __aeabi_fsub
    main.o(i.animation) refers to fflt_clz.o(x$fpl$fflt) for __aeabi_i2f
    main.o(i.animation) refers to fdiv.o(x$fpl$fdiv) for __aeabi_fdiv
    main.o(i.animation) refers to faddsub_clz.o(x$fpl$fadd) for __aeabi_fadd
    main.o(i.list_animation) refers to _printf_percent.o(.ARM.Collect$$_printf_percent$$00000000) for _printf_percent
    main.o(i.list_animation) refers to _printf_d.o(.ARM.Collect$$_printf_percent$$00000009) for _printf_d
    main.o(i.list_animation) refers to _printf_dec.o(.text) for _printf_int_dec
    main.o(i.list_animation) refers to fflt_clz.o(x$fpl$fflt) for __aeabi_i2f
    main.o(i.list_animation) refers to main.o(i.animation) for animation
    main.o(i.list_animation) refers to strlen.o(.text) for strlen
    main.o(i.list_animation) refers to fflt_clz.o(x$fpl$ffltu) for __aeabi_ui2f
    main.o(i.list_animation) refers to faddsub_clz.o(x$fpl$fsub) for __aeabi_fsub
    main.o(i.list_animation) refers to fdiv.o(x$fpl$fdiv) for __aeabi_fdiv
    main.o(i.list_animation) refers to scalbnf.o(x$fpl$scalbnf) for __ARM_scalbnf
    main.o(i.list_animation) refers to u8g2_font.o(i.u8g2_SetFont) for u8g2_SetFont
    main.o(i.list_animation) refers to noretval__2sprintf.o(.text) for __2sprintf
    main.o(i.list_animation) refers to ffix.o(x$fpl$ffix) for __aeabi_f2iz
    main.o(i.list_animation) refers to u8g2_font.o(i.u8g2_DrawStr) for u8g2_DrawStr
    main.o(i.list_animation) refers to u8g2_box.o(i.u8g2_DrawRBox) for u8g2_DrawRBox
    main.o(i.list_animation) refers to u8g2_hvline.o(i.u8g2_SetDrawColor) for u8g2_SetDrawColor
    main.o(i.list_animation) refers to main.o(.data) for .data
    main.o(i.list_animation) refers to main.o(.bss) for .bss
[...]
    _fadd1                                   0x08004577   Thumb Code     0  faddsub_clz.o(x$fpl$fadd)
    x$fpl$fcheck1                            0x0800462c   Section       12  fcheck1.o(x$fpl$fcheck1)
    x$fpl$fcmpinf                            0x08004638   Section       24  fcmpi.o(x$fpl$fcmpinf)
    x$fpl$fdiv                               0x08004650   Section      388  fdiv.o(x$fpl$fdiv)
    _fdiv1                                   0x08004651   Thumb Code     0  fdiv.o(x$fpl$fdiv)
    x$fpl$feqf                               0x080047d4   Section      104  feqf.o(x$fpl$feqf)
    x$fpl$ffix                               0x0800483c   Section       54  ffix.o(x$fpl$ffix)
    x$fpl$fflt                               0x08004874   Section       48  fflt_clz.o(x$fpl$fflt)
    x$fpl$ffltu                              0x080048a4   Section       38  fflt_clz.o(x$fpl$ffltu)
    x$fpl$fleqf                              0x080048cc   Section      104  fleqf.o(x$fpl$fleqf)
    x$fpl$fnaninf                            0x08004934   Section      140  fnaninf.o(x$fpl$fnaninf)
    x$fpl$fretinf                            0x080049c0   Section       10  fretinf.o(x$fpl$fretinf)
    x$fpl$fsub                               0x080049cc   Section      234  faddsub_clz.o(x$fpl$fsub)
    _fsub1                                   0x080049db   Thumb Code     0  faddsub_clz.o(x$fpl$fsub)
    x$fpl$retnan                             0x08004ab6   Section      100  retnan.o(x$fpl$retnan)
    x$fpl$scalbnf                            0x08004b1a   Section       76  scalbnf.o(x$fpl$scalbnf)
    x$fpl$trapveneer                         0x08004b66   Section       48  trapv.o(x$fpl$trapveneer)
    .constdata                               0x08004b96   Section       18  stm32f1xx_hal_rcc.o(.constdata)
    x$fpl$usenofp                            0x08004b96   Section        0  usenofp.o(x$fpl$usenofp)
    aPredivFactorTable                       0x08004b96   Data           2  stm32f1xx_hal_rcc.o(.constdata)
    aPLLMULFactorTable                       0x08004b98   Data          16  stm32f1xx_hal_rcc.o(.constdata)
    .constdata                               0x08004ba8   Section       18  stm32f1xx_hal_rcc_ex.o(.constdata)
    aPredivFactorTable                       0x08004ba8   Data           2  stm32f1xx_hal_rcc_ex.o(.constdata)
    aPLLMULFactorTable                       0x08004baa   Data          16  stm32f1xx_hal_rcc_ex.o(.constdata)
    .constdata                               0x08004bba   Section       16  system_stm32f1xx.o(.constdata)
    .constdata                               0x08004bca   Section        8  system_stm32f1xx.o(.constdata)
    .constdata                               0x08004bd2   Section     2393  u8g2_fonts.o(.constdata)
    .constdata                               0x0800552b   Section     3494  u8g2_fonts.o(.constdata)
    .constdata                               0x080062d4   Section       12  u8g2_setup.o(.constdata)
    .constdata                               0x080062e0   Section      344  u8x8_d_ssd1306_128x64_noname.o(.constdata)
    u8x8_d_ssd1306_128x64_noname_powersave0_seq 0x080062e0   Data           5  u8x8_d_ssd1306_128x64_noname.o(.constdata)
    u8x8_d_ssd1306_128x64_noname_powersave1_seq 0x080062e5   Data           5  u8x8_d_ssd1306_128x64_noname.o(.constdata)
    u8x8_d_ssd1306_128x64_noname_flip0_seq   0x080062ea   Data           7  u8x8_d_ssd1306_128x64_noname.o(.constdata)
    u8x8_d_ssd1306_128x64_noname_flip1_seq   0x080062f1   Data           7  u8x8_d_ssd1306_128x64_noname.o(.constdata)
    u8x8_d_ssd1312_128x64_noname_flip0_seq   0x080062f8   Data           7  u8x8_d_ssd1306_128x64_noname.o(.constdata)
    u8x8_d_ssd1312_128x64_noname_flip1_seq   0x080062ff   Data           7  u8x8_d_ssd1306_128x64_noname.o(.constdata)
    u8x8_d_ssd1306_128x64_noname_init_seq    0x08006306   Data          53  u8x8_d_ssd1306_128x64_noname.o(.constdata)
    u8x8_d_ssd1306_128x64_vcomh0_init_seq    0x0800633b   Data          53  u8x8_d_ssd1306_128x64_noname.o(.constdata)
    u8x8_d_ssd1306_128x64_alt0_init_seq      0x08006370   Data          53  u8x8_d_ssd1306_128x64_noname.o(.constdata)
    u8x8_d_sh1106_128x64_winstar_init_seq    0x080063a5   Data          45  u8x8_d_ssd1306_128x64_noname.o(.constdata)
    u8x8_d_ssd1312_128x64_noname_init_seq    0x080063d2   Data          53  u8x8_d_ssd1306_128x64_noname.o(.constdata)
    u8x8_ssd1306_128x64_noname_display_info  0x08006408   Data          24  u8x8_d_ssd1306_128x64_noname.o(.constdata)
    u8x8_sh1106_128x64_noname_display_info   0x08006420   Data          24  u8x8_d_ssd1306_128x64_noname.o(.constdata)
    .constdata                               0x08006438   Section       17  __printf_flags_wp.o(.constdata)
    maptable                                 0x08006438   Data          17  __printf_flags_wp.o(.constdata)
    .constdata                               0x08006449   Section       12  _monlen.o(.constdata)
    .conststring                             0x08006458   Section      152  main.o(.conststring)
    .data                                    0x20000000   Section      120  main.o(.data)
    menu_img1                                0x20000000   Data         120  main.o(.data)
    .data                                    0x20000078   Section      120  main.o(.data)
    menu_img2                                0x20000078   Data         120  main.o(.data)
    .data                                    0x200000f0   Section      120  main.o(.data)
    menu_img3                                0x200000f0   Data         120  main.o(.data)
    .data                                    0x20000168   Section      120  main.o(.data)
    menu_img4                                0x20000168   Data         120  main.o(.data)
    .data                                    0x200001e0   Section      120  main.o(.data)
    menu_img5                                0x200001e0   Data         120  main.o(.data)
    .data                                    0x20000258   Section      120  main.o(.data)
    menu_img6                                0x20000258   Data         120  main.o(.data)
    .data                                    0x200002d0   Section      288  main.o(.data)
    buf_idx                                  0x200002d0   Data           1  main.o(.data)
    over                                     0x200002d8   Data           2  main.o(.data)
    menunum                                  0x200002da   Data           2  main.o(.data)
    listnum                                  0x200002dc   Data           2  main.o(.data)
    framenum                                 0x200002de   Data           2  main.o(.data)
    menu_imgs                                0x200002e8   Data          24  main.o(.data)
    .data                                    0x200003f0   Section       12  stm32f1xx_hal.o(.data)
    .data                                    0x200003fc   Section        4  system_stm32f1xx.o(.data)
    .data                                    0x20000400   Section        6  u8x8_cad.o(.data)
    in_transfer                              0x20000400   Data           1  u8x8_cad.o(.data)
    in_transfer                              0x20000401   Data           1  u8x8_cad.o(.data)
    in_transfer                              0x20000402   Data           1  u8x8_cad.o(.data)
    is_data                                  0x20000403   Data           1  u8x8_cad.o(.data)
    in_transfer                              0x20000404   Data           1  u8x8_cad.o(.data)
    is_data                                  0x20000405   Data           1  u8x8_cad.o(.data)
    .bss                                     0x20000408   Section     1472  main.o(.bss)
    buffer                                   0x20000408   Data         128  main.o(.bss)
    buf                                      0x20000488   Data          32  main.o(.bss)
    buf                                      0x200004a8   Data          32  main.o(.bss)
    .bss                                     0x200009c8   Section       84  i2c.o(.bss)
    .bss                                     0x20000a1c   Section       20  rtc.o(.bss)
    .bss                                     0x20000a30   Section      144  tim.o(.bss)
    .bss                                     0x20000ac0   Section     1024  u8g2_d_memory.o(.bss)
    buf                                      0x20000ac0   Data        1024  u8g2_d_memory.o(.bss)
    .bss                                     0x20000ec0   Section       44  localtime.o(.bss)
    _tms                                     0x20000ec0   Data          44  localtime.o(.bss)
    .bss                                     0x20000eec   Section       96  libspace.o(.bss)
    HEAP                                     0x20000f50   Section      512  startup_stm32f103xb.o(HEAP)
    Heap_Mem                                 0x20000f50   Data         512  startup_stm32f103xb.o(HEAP)
    STACK                                    0x20001150   Section     1024  startup_stm32f103xb.o(STACK)
    Stack_Mem                                0x20001150   Data        1024  startup_stm32f103xb.o(STACK)
    __initial_sp                             0x20001550   Data           0  startup_stm32f103xb.o(STACK)

    Global Symbols

    Symbol Name                              Value     Ov Type        Size  Object(Section)

    BuildAttributes$$THM_ISAv4$P$D$K$B$S$PE$A:L22UL41UL21$X:L11$S22US41US21$IEEE1$IW$USESV6$~STKCKD$USESV7$~SHL$OSPACE$ROPI$EBA8$UX$STANDARDLIB$REQ8$PRES8$EABIv2 0x00000000   Number         0  anon$$obj.o ABSOLUTE
    __ARM_use_no_argv                        0x00000000   Number         0  main.o ABSOLUTE
    _printf_flags                            0x00000000   Number         0  printf_stubs.o ABSOLUTE
    _printf_return_value                     0x00000000   Number         0  printf_stubs.o ABSOLUTE
    _printf_sizespec                         0x00000000   Number         0  printf_stubs.o ABSOLUTE
    _printf_widthprec                        0x00000000   Number         0  printf_stubs.o ABSOLUTE
    __ARM_exceptions_init                     - Undefined Weak Reference
    __alloca_initialize                       - Undefined Weak Reference
    __arm_preinit_                            - Undefined Weak Reference
    __cpp_initialize__aeabi_                  - Undefined Weak Reference
    __cxa_finalize                            - Undefined Weak Reference
    __rt_locale                               - Undefined Weak Reference
    __sigvec_lookup                           - Undefined Weak Reference
    _atexit_init                              - Undefined Weak Reference
    _call_atexit_fns                          - Undefined Weak Reference
    _clock_init                               - Undefined Weak Reference
    _fp_trap_init                             - Undefined Weak Reference
    _fp_trap_shutdown                         - Undefined Weak Reference
    _get_lc_collate                           - Undefined Weak Reference
    _get_lc_ctype                             - Undefined Weak Reference
    _get_lc_monetary                          - Undefined Weak Reference
    _get_lc_numeric                           - Undefined Weak Reference
    _get_lc_time                              - Undefined Weak Reference
    _getenv_init                              - Undefined Weak Reference
    _handle_redirection                       - Undefined Weak Reference
    _init_alloc                               - Undefined Weak Reference
    _init_user_alloc                          - Undefined Weak Reference
    _initio                                   - Undefined Weak Reference
    _printf_truncate_signed                   - Undefined Weak Reference
    _printf_truncate_unsigned                 - Undefined Weak Reference
    _rand_init                                - Undefined Weak Reference
    _signal_finish                            - Undefined Weak Reference
    _signal_init                              - Undefined Weak Reference
    _terminate_alloc                          - Undefined Weak Reference
    _terminate_user_alloc                     - Undefined Weak Reference
    _terminateio                              - Undefined Weak Reference
    __Vectors_Size                           0x000000ec   Number         0  startup_stm32f103xb.o ABSOLUTE
    __Vectors                                0x08000000   Data           4  startup_stm32f103xb.o(RESET)
    __Vectors_End                            0x080000ec   Data           0  startup_stm32f103xb.o(RESET)
    __main                                   0x080000ed   Thumb Code     8  __main.o(!!!main)
    __scatterload                            0x080000f5   Thumb Code     0  __scatter.o(!!!scatter)
    __scatterload_rt2                        0x080000f5   Thumb Code    44  __scatter.o(!!!scatter)
    __scatterload_rt2_thumb_only             0x080000f5   Thumb Code     0  __scatter.o(!!!scatter)
    __scatterload_null                       0x08000103   Thumb Code     0  __scatter.o(!!!scatter)
    __decompress                             0x08000129   Thumb Code    90  __dczerorl2.o(!!dczerorl2)
    __decompress1                            0x08000129   Thumb Code     0  __dczerorl2.o(!!dczerorl2)
    __scatterload_zeroinit                   0x08000185   Thumb Code    28  __scatter_zi.o(!!handler_zi)
    _printf_d                                0x080001a1   Thumb Code     0  _printf_d.o(.ARM.Collect$$_printf_percent$$00000009)
    _printf_percent                          0x080001a1   Thumb Code     0  _printf_percent.o(.ARM.Collect$$_printf_percent$$00000000)
    _printf_percent_end                      0x080001a7   Thumb Code     0  _printf_percent_end.o(.ARM.Collect$$_printf_percent$$00000017)
    __rt_lib_init                            0x080001ab   Thumb Code     0  libinit.o(.ARM.Collect$$libinit$$00000000)
    __rt_lib_init_alloca_1                   0x080001ad   Thumb Code     0  libinit2.o(.ARM.Collect$$libinit$$0000002E)
    __rt_lib_init_argv_1                     0x080001ad   Thumb Code     0  libinit2.o(.ARM.Collect$$libinit$$0000002C)
    __rt_lib_init_atexit_1                   0x080001ad   Thumb Code     0  libinit2.o(.ARM.Collect$$libinit$$0000001B)
    __rt_lib_init_clock_1                    0x080001ad   Thumb Code     0  libinit2.o(.ARM.Collect$$libinit$$00000021)
    __rt_lib_init_cpp_1                      0x080001ad   Thumb Code     0  libinit2.o(.ARM.Collect$$libinit$$00000032)
    __rt_lib_init_exceptions_1               0x080001ad   Thumb Code     0  libinit2.o(.ARM.Collect$$libinit$$00000030)
    __rt_lib_init_fp_1                       0x080001ad   Thumb Code     0  libinit2.o(.ARM.Collect$$libinit$$00000002)
    __rt_lib_init_fp_trap_1                  0x080001ad   Thumb Code     0  libinit2.o(.ARM.Collect$$libinit$$0000001F)
    __rt_lib_init_getenv_1                   0x080001ad   Thumb Code     0  libinit2.o(.ARM.Collect$$libinit$$00000023)
    __rt_lib_init_heap_1                     0x080001ad   Thumb Code     0  libinit2.o(.ARM.Collect$$libinit$$0000000A)
    __rt_lib_init_lc_collate_1               0x080001ad   Thumb Code     0  libinit2.o(.ARM.Collect$$libinit$$00000011)
    __rt_lib_init_lc_ctype_1                 0x080001ad   Thumb Code     0  libinit2.o(.ARM.Collect$$libinit$$00000013)
    __rt_lib_init_lc_monetary_1              0x080001ad   Thumb Code     0  libinit2.o(.ARM.Collect$$libinit$$00000015)
    __rt_lib_init_lc_numeric_1               0x080001ad   Thumb Code     0  libinit2.o(.ARM.Collect$$libinit$$00000017)
    __rt_lib_init_lc_time_1                  0x080001ad   Thumb Code     0  libinit2.o(.ARM.Collect$$libinit$$00000019)
    __rt_lib_init_preinit_1                  0x080001ad   Thumb Code     0  libinit2.o(.ARM.Collect$$libinit$$00000004)
    __rt_lib_init_rand_1                     0x080001ad   Thumb Code     0  libinit2.o(.ARM.Collect$$libinit$$0000000E)
    __rt_lib_init_return                     0x080001ad   Thumb Code     0  libinit2.o(.ARM.Collect$$libinit$$00000033)
    __rt_lib_init_signal_1                   0x080001ad   Thumb Code     0  libinit2.o(.ARM.Collect$$libinit$$0000001D)
    __rt_lib_init_stdio_1                    0x080001ad   Thumb Code     0  libinit2.o(.ARM.Collect$$libinit$$00000025)
    __rt_lib_init_user_alloc_1               0x080001ad   Thumb Code     0  libinit2.o(.ARM.Collect$$libinit$$0000000C)
    __rt_lib_shutdown                        0x080001af   Thumb Code     0  libshutdown.o(.ARM.Collect$$libshutdown$$00000000)
    __rt_lib_shutdown_cpp_1                  0x080001b1   Thumb Code     0  libshutdown2.o(.ARM.Collect$$libshutdown$$00000002)
    __rt_lib_shutdown_fp_trap_1              0x080001b1   Thumb Code     0  libshutdown2.o(.ARM.Collect$$libshutdown$$00000007)
    __rt_lib_shutdown_heap_1                 0x080001b1   Thumb Code     0  libshutdown2.o(.ARM.Collect$$libshutdown$$0000000F)
    __rt_lib_shutdown_return                 0x080001b1   Thumb Code     0  libshutdown2.o(.ARM.Collect$$libshutdown$$00000010)
    __rt_lib_shutdown_signal_1               0x080001b1   Thumb Code     0  libshutdown2.o(.ARM.Collect$$libshutdown$$0000000A)
    __rt_lib_shutdown_stdio_1                0x080001b1   Thumb Code     0  libshutdown2.o(.ARM.Collect$$libshutdown$$00000004)
    __rt_lib_shutdown_user_alloc_1           0x080001b1   Thumb Code     0  libshutdown2.o(.ARM.Collect$$libshutdown$$0000000C)
    __rt_entry                               0x080001b3   Thumb Code     0  __rtentry.o(.ARM.Collect$$rtentry$$00000000)
    __rt_entry_presh_1                       0x080001b3   Thumb Code     0  __rtentry2.o(.ARM.Collect$$rtentry$$00000002)
    __rt_entry_sh                            0x080001b3   Thumb Code     0  __rtentry4.o(.ARM.Collect$$rtentry$$00000004)
    __rt_entry_li                            0x080001b9   Thumb Code     0  __rtentry2.o(.ARM.Collect$$rtentry$$0000000A)
    __rt_entry_postsh_1                      0x080001b9   Thumb Code     0  __rtentry2.o(.ARM.Collect$$rtentry$$00000009)
    __rt_entry_main                          0x080001bd   Thumb Code     0  __rtentry2.o(.ARM.Collect$$rtentry$$0000000D)
    __rt_entry_postli_1                      0x080001bd   Thumb Code     0  __rtentry2.o(.ARM.Collect$$rtentry$$0000000C)
    __rt_exit                                0x080001c5   Thumb Code     0  rtexit.o(.ARM.Collect$$rtexit$$00000000)
    __rt_exit_ls                             0x080001c7   Thumb Code     0  rtexit2.o(.ARM.Collect$$rtexit$$00000003)
    __rt_exit_prels_1                        0x080001c7   Thumb Code     0  rtexit2.o(.ARM.Collect$$rtexit$$00000002)
    __rt_exit_exit                           0x080001cb   Thumb Code     0  rtexit2.o(.ARM.Collect$$rtexit$$00000004)
    Reset_Handler                            0x080001d1   Thumb Code     8  startup_stm32f103xb.o(.text)
    ADC1_2_IRQHandler                        0x080001eb   Thumb Code     0  startup_stm32f103xb.o(.text)
    CAN1_RX1_IRQHandler                      0x080001eb   Thumb Code     0  startup_stm32f103xb.o(.text)
    CAN1_SCE_IRQHandler                      0x080001eb   Thumb Code     0  startup_stm32f103xb.o(.text)
    DMA1_Channel1_IRQHandler                 0x080001eb   Thumb Code     0  startup_stm32f103xb.o(.text)
    DMA1_Channel2_IRQHandler                 0x080001eb   Thumb Code     0  startup_stm32f103xb.o(.text)
    DMA1_Channel3_IRQHandler                 0x080001eb   Thumb Code     0  startup_stm32f103xb.o(.text)
    DMA1_Channel4_IRQHandler                 0x080001eb   Thumb Code     0  startup_stm32f103xb.o(.text)
    DMA1_Channel5_IRQHandler                 0x080001eb   Thumb Code     0  startup_stm32f103xb.o(.text)
    DMA1_Channel6_IRQHandler                 0x080001eb   Thumb Code     0  startup_stm32f103xb.o(.text)
    DMA1_Channel7_IRQHandler                 0x080001eb   Thumb Code     0  startup_stm32f103xb.o(.text)
    EXTI0_IRQHandler                         0x080001eb   Thumb Code     0  startup_stm32f103xb.o(.text)
    EXTI15_10_IRQHandler                     0x080001eb   Thumb Code     0  startup_stm32f103xb.o(.text)
    EXTI1_IRQHandler                         0x080001eb   Thumb Code     0  startup_stm32f103xb.o(.text)
    EXTI2_IRQHandler                         0x080001eb   Thumb Code     0  startup_stm32f103xb.o(.text)
    EXTI3_IRQHandler                         0x080001eb   Thumb Code     0  startup_stm32f103xb.o(.text)
    EXTI4_IRQHandler                         0x080001eb   Thumb Code     0  startup_stm32f103xb.o(.text)
    EXTI9_5_IRQHandler                       0x080001eb   Thumb Code     0  startup_stm32f103xb.o(.text)
    FLASH_IRQHandler                         0x080001eb   Thumb Code     0  startup_stm32f103xb.o(.text)
    I2C1_ER_IRQHandler                       0x080001eb   Thumb Code     0  startup_stm32f103xb.o(.text)
    I2C1_EV_IRQHandler                       0x080001eb   Thumb Code     0  startup_stm32f103xb.o(.text)
    I2C2_ER_IRQHandler                       0x080001eb   Thumb Code     0  startup_stm32f103xb.o(.text)
    I2C2_EV_IRQHandler                       0x080001eb   Thumb Code     0  startup_stm32f103xb.o(.text)
    PVD_IRQHandler                           0x080001eb   Thumb Code     0  startup_stm32f103xb.o(.text)
    RCC_IRQHandler                           0x080001eb   Thumb Code     0  startup_stm32f103xb.o(.text)
    RTC_Alarm_IRQHandler                     0x080001eb   Thumb Code     0  startup_stm32f103xb.o(.text)
    RTC_IRQHandler                           0x080001eb   Thumb Code     0  startup_stm32f103xb.o(.text)
    SPI1_IRQHandler                          0x080001eb   Thumb Code     0  startup_stm32f103xb.o(.text)
    SPI2_IRQHandler                          0x080001eb   Thumb Code     0  startup_stm32f103xb.o(.text)
    TAMPER_IRQHandler                        0x080001eb   Thumb Code     0  startup_stm32f103xb.o(.text)
    TIM1_BRK_IRQHandler                      0x080001eb   Thumb Code     0  startup_stm32f103xb.o(.text)
    TIM1_CC_IRQHandler                       0x080001eb   Thumb Code     0  startup_stm32f103xb.o(.text)
    TIM1_TRG_COM_IRQHandler                  0x080001eb   Thumb Code     0  startup_stm32f103xb.o(.text)
    TIM1_UP_IRQHandler                       0x080001eb   Thumb Code     0  startup_stm32f103xb.o(.text)
    TIM3_IRQHandler                          0x080001eb   Thumb Code     0  startup_stm32f103xb.o(.text)
    TIM4_IRQHandler                          0x080001eb   Thumb Code     0  startup_stm32f103xb.o(.text)
    USART1_IRQHandler                        0x080001eb   Thumb Code     0  startup_stm32f103xb.o(.text)
    USART2_IRQHandler                        0x080001eb   Thumb Code     0  startup_stm32f103xb.o(.text)
    USART3_IRQHandler                        0x080001eb   Thumb Code     0  startup_stm32f103xb.o(.text)
    USBWakeUp_IRQHandler                     0x080001eb   Thumb Code     0  startup_stm32f103xb.o(.text)
    USB_HP_CAN1_TX_IRQHandler                0x080001eb   Thumb Code     0  startup_stm32f103xb.o(.text)
    USB_LP_CAN1_RX0_IRQHandler               0x080001eb   Thumb Code     0  startup_stm32f103xb.o(.text)
    WWDG_IRQHandler                          0x080001eb   Thumb Code     0  startup_stm32f103xb.o(.text)
    __user_initial_stackheap                 0x080001ed   Thumb Code     0  startup_stm32f103xb.o(.text)
    __2sprintf                               0x08000211   Thumb Code    34  noretval__2sprintf.o(.text)
    _printf_pre_padding                      0x08000239   Thumb Code    44  _printf_pad.o(.text)
    _printf_post_padding                     0x08000265   Thumb Code    34  _printf_pad.o(.text)
    _printf_int_dec                          0x08000289   Thumb Code   104  _printf_dec.o(.text)
    __printf                                 0x08000301   Thumb Code   308  __printf_flags_wp.o(.text)
    strlen                                   0x08000439   Thumb Code    62  strlen.o(.text)
    __aeabi_memcpy4                          0x08000477   Thumb Code     0  rt_memcpy_w.o(.text)
    __aeabi_memcpy8                          0x08000477   Thumb Code     0  rt_memcpy_w.o(.text)
    __rt_memcpy_w                            0x08000477   Thumb Code   100  rt_memcpy_w.o(.text)
    _memcpy_lastbytes_aligned                0x080004bf   Thumb Code     0  rt_memcpy_w.o(.text)
    __aeabi_memclr                           0x080004db   Thumb Code     0  rt_memclr.o(.text)
    __rt_memclr                              0x080004db   Thumb Code    68  rt_memclr.o(.text)
    _memset                                  0x080004df   Thumb Code     0  rt_memclr.o(.text)
    __aeabi_memclr4                          0x0800051f   Thumb Code     0  rt_memclr_w.o(.text)
    __aeabi_memclr8                          0x0800051f   Thumb Code     0  rt_memclr_w.o(.text)
    __rt_memclr_w                            0x0800051f   Thumb Code    78  rt_memclr_w.o(.text)
    _memset_w                                0x08000523   Thumb Code     0  rt_memclr_w.o(.text)
    localtime                                0x0800056d   Thumb Code     6  localtime.o(.text)
    mktime                                   0x080005b7   Thumb Code   356  mktime.o(.text)
    __use_two_region_memory                  0x08000725   Thumb Code     2  heapauxi.o(.text)
    __rt_heap_escrow$2region                 0x08000727   Thumb Code     2  heapauxi.o(.text)
    __rt_heap_expand$2region                 0x08000729   Thumb Code     2  heapauxi.o(.text)
    _printf_int_common                       0x0800072b   Thumb Code   178  _printf_intcommon.o(.text)
    _printf_char_common                      0x080007e7   Thumb Code    32  _printf_char_common.o(.text)
    _sputc                                   0x0800080d   Thumb Code    10  _sputc.o(.text)
    _localtime_r                             0x08000819   Thumb Code   178  localtime_internal.o(.text)
    _n$localtime_r                           0x08000819   Thumb Code     0  localtime_internal.o(.text)
    __user_setup_stackheap                   0x080008d1   Thumb Code    74  sys_stackheap_outer.o(.text)
    exit                                     0x0800091b   Thumb Code    18  exit.o(.text)
    __user_libspace                          0x0800092d   Thumb Code     8  libspace.o(.text)
    __user_perproc_libspace                  0x0800092d   Thumb Code     0  libspace.o(.text)
    __user_perthread_libspace                0x0800092d   Thumb Code     0  libspace.o(.text)
    _sys_exit                                0x08000935   Thumb Code     8  sys_exit.o(.text)
    __I$use$semihosting                      0x08000941   Thumb Code     0  use_no_semi.o(.text)
    __use_no_semihosting_swi                 0x08000941   Thumb Code     2  use_no_semi.o(.text)
    BusFault_Handler                         0x08000943   Thumb Code     2  stm32f1xx_it.o(i.BusFault_Handler)
    __semihosting_library_function           0x08000943   Thumb Code     0  indicate_semi.o(.text)
    DebugMon_Handler                         0x08000945   Thumb Code     2  stm32f1xx_it.o(i.DebugMon_Handler)
    Error_Handler                            0x08000947   Thumb Code     4  main.o(i.Error_Handler)
    HAL_Delay                                0x0800094d   Thumb Code    32  stm32f1xx_hal.o(i.HAL_Delay)
    HAL_GPIO_Init                            0x08000971   Thumb Code   446  stm32f1xx_hal_gpio.o(i.HAL_GPIO_Init)
    HAL_GPIO_ReadPin                         0x08000b51   Thumb Code    10  stm32f1xx_hal_gpio.o(i.HAL_GPIO_ReadPin)
    HAL_GetTick                              0x08000b5d   Thumb Code     6  stm32f1xx_hal.o(i.HAL_GetTick)
    HAL_I2C_Init                             0x08000b69   Thumb Code   376  stm32f1xx_hal_i2c.o(i.HAL_I2C_Init)
    HAL_I2C_Master_Transmit                  0x08000cf1   Thumb Code   290  stm32f1xx_hal_i2c.o(i.HAL_I2C_Master_Transmit)
    HAL_I2C_MspInit                          0x08000e1d   Thumb Code    96  i2c.o(i.HAL_I2C_MspInit)
    HAL_IncTick                              0x08000e8d   Thumb Code    12  stm32f1xx_hal.o(i.HAL_IncTick)
    HAL_Init                                 0x08000e9d   Thumb Code    32  stm32f1xx_hal.o(i.HAL_Init)
    HAL_InitTick                             0x08000ec1   Thumb Code    54  stm32f1xx_hal.o(i.HAL_InitTick)
    HAL_MspInit                              0x08000f01   Thumb Code    52  stm32f1xx_hal_msp.o(i.HAL_MspInit)
    HAL_NVIC_EnableIRQ                       0x08000f3d   Thumb Code    26  stm32f1xx_hal_cortex.o(i.HAL_NVIC_EnableIRQ)
    HAL_NVIC_SetPriority                     0x08000f59   Thumb Code    60  stm32f1xx_hal_cortex.o(i.HAL_NVIC_SetPriority)
    HAL_NVIC_SetPriorityGrouping             0x08000f99   Thumb Code    26  stm32f1xx_hal_cortex.o(i.HAL_NVIC_SetPriorityGrouping)
    HAL_PWR_EnableBkUpAccess                 0x08000fbd   Thumb Code     8  stm32f1xx_hal_pwr.o(i.HAL_PWR_EnableBkUpAccess)
    HAL_RCCEx_GetPeriphCLKFreq               0x08000fc9   Thumb Code   148  stm32f1xx_hal_rcc_ex.o(i.HAL_RCCEx_GetPeriphCLKFreq)
    HAL_RCCEx_PeriphCLKConfig                0x0800106d   Thumb Code   224  stm32f1xx_hal_rcc_ex.o(i.HAL_RCCEx_PeriphCLKConfig)
    HAL_RCC_ClockConfig                      0x08001159   Thumb Code   280  stm32f1xx_hal_rcc.o(i.HAL_RCC_ClockConfig)
    HAL_RCC_GetPCLK1Freq                     0x08001285   Thumb Code    20  stm32f1xx_hal_rcc.o(i.HAL_RCC_GetPCLK1Freq)
    HAL_RCC_GetPCLK2Freq                     0x080012a5   Thumb Code    20  stm32f1xx_hal_rcc.o(i.HAL_RCC_GetPCLK2Freq)
    HAL_RCC_GetSysClockFreq                  0x080012c5   Thumb Code    58  stm32f1xx_hal_rcc.o(i.HAL_RCC_GetSysClockFreq)
    HAL_RCC_OscConfig                        0x08001311   Thumb Code   778  stm32f1xx_hal_rcc.o(i.HAL_RCC_OscConfig)
    HAL_RTCEx_BKUPRead                       0x08001631   Thumb Code    10  stm32f1xx_hal_rtc_ex.o(i.HAL_RTCEx_BKUPRead)
    HAL_RTCEx_BKUPWrite                      0x08001641   Thumb Code    12  stm32f1xx_hal_rtc_ex.o(i.HAL_RTCEx_BKUPWrite)
    HAL_RTC_GetDate                          0x08001651   Thumb Code    78  stm32f1xx_hal_rtc.o(i.HAL_RTC_GetDate)
    HAL_RTC_GetTime                          0x0800169f   Thumb Code   216  stm32f1xx_hal_rtc.o(i.HAL_RTC_GetTime)
    HAL_RTC_Init                             0x08001779   Thumb Code   144  stm32f1xx_hal_rtc.o(i.HAL_RTC_Init)
    HAL_RTC_MspInit                          0x0800180d   Thumb Code    40  rtc.o(i.HAL_RTC_MspInit)
    HAL_RTC_SetDate                          0x08001841   Thumb Code   192  stm32f1xx_hal_rtc.o(i.HAL_RTC_SetDate)
    HAL_RTC_SetTime                          0x08001905   Thumb Code   168  stm32f1xx_hal_rtc.o(i.HAL_RTC_SetTime)
    HAL_RTC_WaitForSynchro                   0x080019b1   Thumb Code    58  stm32f1xx_hal_rtc.o(i.HAL_RTC_WaitForSynchro)
    HAL_SYSTICK_Config                       0x080019eb   Thumb Code    40  stm32f1xx_hal_cortex.o(i.HAL_SYSTICK_Config)
    HAL_TIMEx_BreakCallback                  0x08001a13   Thumb Code     2  stm32f1xx_hal_tim_ex.o(i.HAL_TIMEx_BreakCallback)
    HAL_TIMEx_CommutCallback                 0x08001a15   Thumb Code     2  stm32f1xx_hal_tim_ex.o(i.HAL_TIMEx_CommutCallback)
    HAL_TIMEx_MasterConfigSynchronization    0x08001a19   Thumb Code    92  stm32f1xx_hal_tim_ex.o(i.HAL_TIMEx_MasterConfigSynchronization)
    HAL_TIM_Base_Init                        0x08001a81   Thumb Code    90  stm32f1xx_hal_tim.o(i.HAL_TIM_Base_Init)
    HAL_TIM_Base_MspInit                     0x08001add   Thumb Code    50  tim.o(i.HAL_TIM_Base_MspInit)
    HAL_TIM_Base_Start_IT                    0x08001b15   Thumb Code    76  stm32f1xx_hal_tim.o(i.HAL_TIM_Base_Start_IT)
    HAL_TIM_ConfigClockSource                0x08001b6d   Thumb Code   220  stm32f1xx_hal_tim.o(i.HAL_TIM_ConfigClockSource)
    HAL_TIM_Encoder_Init                     0x08001c49   Thumb Code   164  stm32f1xx_hal_tim.o(i.HAL_TIM_Encoder_Init)
    HAL_TIM_Encoder_MspInit                  0x08001ced   Thumb Code    72  tim.o(i.HAL_TIM_Encoder_MspInit)
    HAL_TIM_Encoder_Start                    0x08001d41   Thumb Code   142  stm32f1xx_hal_tim.o(i.HAL_TIM_Encoder_Start)
    HAL_TIM_IC_CaptureCallback               0x08001dcf   Thumb Code     2  stm32f1xx_hal_tim.o(i.HAL_TIM_IC_CaptureCallback)
    HAL_TIM_IRQHandler                       0x08001dd1   Thumb Code   304  stm32f1xx_hal_tim.o(i.HAL_TIM_IRQHandler)
    HAL_TIM_OC_DelayElapsedCallback          0x08001f01   Thumb Code     2  stm32f1xx_hal_tim.o(i.HAL_TIM_OC_DelayElapsedCallback)
    HAL_TIM_PWM_PulseFinishedCallback        0x08001f03   Thumb Code     2  stm32f1xx_hal_tim.o(i.HAL_TIM_PWM_PulseFinishedCallback)
    HAL_TIM_PeriodElapsedCallback            0x08001f05   Thumb Code    28  main.o(i.HAL_TIM_PeriodElapsedCallback)
    HAL_TIM_TriggerCallback                  0x08001f29   Thumb Code     2  stm32f1xx_hal_tim.o(i.HAL_TIM_TriggerCallback)
    HardFault_Handler                        0x08001f2b   Thumb Code     2  stm32f1xx_it.o(i.HardFault_Handler)
    MX_GPIO_Init                             0x080021f5   Thumb Code    96  gpio.o(i.MX_GPIO_Init)
    MX_I2C1_Init                             0x0800225d   Thumb Code    50  i2c.o(i.MX_I2C1_Init)
    MX_RTC_Init                              0x0800229d   Thumb Code   132  rtc.o(i.MX_RTC_Init)
    MX_TIM2_Init                             0x08002329   Thumb Code   100  tim.o(i.MX_TIM2_Init)
    MX_TIM3_Init                             0x08002391   Thumb Code   100  tim.o(i.MX_TIM3_Init)
    MemManage_Handler                        0x080023fd   Thumb Code     2  stm32f1xx_it.o(i.MemManage_Handler)
    My_Rtime                                 0x080023ff   Thumb Code    28  rtc.o(i.My_Rtime)
    NMI_Handler                              0x0800241b   Thumb Code     2  stm32f1xx_it.o(i.NMI_Handler)
    PendSV_Handler                           0x0800241d   Thumb Code     2  stm32f1xx_it.o(i.PendSV_Handler)
    SVC_Handler                              0x08002633   Thumb Code     2  stm32f1xx_it.o(i.SVC_Handler)
    SysTick_Handler                          0x08002635   Thumb Code     4  stm32f1xx_it.o(i.SysTick_Handler)
    SystemClock_Config                       0x08002639   Thumb Code   128  main.o(i.SystemClock_Config)
    SystemInit                               0x080026b9   Thumb Code     2  system_stm32f1xx.o(i.SystemInit)
    TIM2_IRQHandler                          0x080026bd   Thumb Code     6  stm32f1xx_it.o(i.TIM2_IRQHandler)
    TIM_Base_SetConfig                       0x080026c9   Thumb Code   108  stm32f1xx_hal_tim.o(i.TIM_Base_SetConfig)
    TIM_CCxChannelCmd                        0x08002741   Thumb Code    26  stm32f1xx_hal_tim.o(i.TIM_CCxChannelCmd)
    TIM_ETR_SetConfig                        0x0800275b   Thumb Code    20  stm32f1xx_hal_tim.o(i.TIM_ETR_SetConfig)
    UsageFault_Handler                       0x080027c5   Thumb Code     2  stm32f1xx_it.o(i.UsageFault_Handler)
    _is_digit                                0x080027e7   Thumb Code    14  __printf_wp.o(i._is_digit)
    animation                                0x080027f5   Thumb Code    86  main.o(i.animation)
    encoder_init                             0x08002855   Thumb Code     8  encoder.o(i.encoder_init)
    get_cnt                                  0x08002861   Thumb Code    14  encoder.o(i.get_cnt)
    key_scanf                                0x08002875   Thumb Code    84  key.o(i.key_scanf)
    list_animation                           0x080028cd   Thumb Code   598  main.o(i.list_animation)
    list_init                                0x08002b49   Thumb Code   144  main.o(i.list_init)
    main                                     0x08002be1   Thumb Code   198  main.o(i.main)
    menu_animation                           0x08002cb9   Thumb Code   392  main.o(i.menu_animation)
    menu_init                                0x08002e61   Thumb Code    70  main.o(i.menu_init)
    open_animation                           0x08002ebd   Thumb Code   384  main.o(i.open_animation)
    open_init                                0x0800305d   Thumb Code    60  main.o(i.open_init)
    rtc_get_unix_sec                         0x0800309d   Thumb Code    92  rtc.o(i.rtc_get_unix_sec)
    show_fps                                 0x080030fd   Thumb Code    50  main.o(i.show_fps)
    show_time                                0x08003141   Thumb Code    44  main.o(i.show_time)
    state_init                               0x0800317d   Thumb Code    78  main.o(i.state_init)
    u8g2_ClearBuffer                         0x080031dd   Thumb Code    18  u8g2_buffer.o(i.u8g2_ClearBuffer)
    u8g2_DrawBox                             0x080031ef   Thumb Code    68  u8g2_box.o(i.u8g2_DrawBox)
    u8g2_DrawDisc                            0x08003233   Thumb Code    64  u8g2_circle.o(i.u8g2_DrawDisc)
    u8g2_DrawFrame                           0x08003273   Thumb Code   136  u8g2_box.o(i.u8g2_DrawFrame)
    u8g2_DrawGlyph                           0x080032fb   Thumb Code   112  u8g2_font.o(i.u8g2_DrawGlyph)
    u8g2_DrawHVLine                          0x0800336d   Thumb Code   172  u8g2_hvline.o(i.u8g2_DrawHVLine)
    u8g2_DrawHXBM                            0x08003419   Thumb Code   172  u8g2_bitmap.o(i.u8g2_DrawHXBM)
    u8g2_DrawRBox                            0x080034c5   Thumb Code   230  u8g2_box.o(i.u8g2_DrawRBox)
    u8g2_DrawStr                             0x080035ad   Thumb Code    12  u8g2_font.o(i.u8g2_DrawStr)
    u8g2_DrawVLine                           0x080035bd   Thumb Code    12  u8g2_hvline.o(i.u8g2_DrawVLine)
    u8g2_DrawXBM                             0x080035c9   Thumb Code    76  u8g2_bitmap.o(i.u8g2_DrawXBM)
    u8g2_IsIntersection                      0x08003615   Thumb Code    48  u8g2_intersection.o(i.u8g2_IsIntersection)
    u8g2_SendBuffer                          0x08003645   Thumb Code    18  u8g2_buffer.o(i.u8g2_SendBuffer)
    u8g2_SetDrawColor                        0x08003657   Thumb Code    16  u8g2_hvline.o(i.u8g2_SetDrawColor)
    u8g2_SetFont                             0x08003667   Thumb Code    32  u8g2_font.o(i.u8g2_SetFont)
    u8g2_SetFontPosBaseline                  0x08003689   Thumb Code     6  u8g2_font.o(i.u8g2_SetFontPosBaseline)
    u8g2_SetMaxClipWindow                    0x08003695   Thumb Code    28  u8g2_setup.o(i.u8g2_SetMaxClipWindow)
    u8g2_SetupBuffer                         0x080036b1   Thumb Code    70  u8g2_setup.o(i.u8g2_SetupBuffer)
    u8g2_Setup_ssd1306_i2c_128x64_noname_f   0x080036f9   Thumb Code    42  u8g2_d_setup.o(i.u8g2_Setup_ssd1306_i2c_128x64_noname_f)
    u8g2_UpdateRefHeight                     0x08003731   Thumb Code    82  u8g2_font.o(i.u8g2_UpdateRefHeight)
    u8g2_add_vector_x                        0x08003783   Thumb Code    28  u8g2_font.o(i.u8g2_add_vector_x)
    u8g2_add_vector_y                        0x0800379f   Thumb Code    28  u8g2_font.o(i.u8g2_add_vector_y)
    u8g2_draw_hv_line_2dir                   0x0800399b   Thumb Code    18  u8g2_hvline.o(i.u8g2_draw_hv_line_2dir)
    u8g2_draw_l90_r0                         0x080039ad   Thumb Code    12  u8g2_setup.o(i.u8g2_draw_l90_r0)
    u8g2_font_calc_vref_font                 0x08003a2f   Thumb Code     4  u8g2_font.o(i.u8g2_font_calc_vref_font)
    u8g2_font_decode_get_signed_bits         0x08003a33   Thumb Code    20  u8g2_font.o(i.u8g2_font_decode_get_signed_bits)
    u8g2_font_decode_get_unsigned_bits       0x08003a47   Thumb Code    52  u8g2_font.o(i.u8g2_font_decode_get_unsigned_bits)
    u8g2_font_decode_glyph                   0x08003a7d   Thumb Code   276  u8g2_font.o(i.u8g2_font_decode_glyph)
    u8g2_font_decode_len                     0x08003b91   Thumb Code   140  u8g2_font.o(i.u8g2_font_decode_len)
    u8g2_font_get_glyph_data                 0x08003c1d   Thumb Code   114  u8g2_font.o(i.u8g2_font_get_glyph_data)
    u8g2_init                                0x08003cd9   Thumb Code    32  main.o(i.u8g2_init)
    u8g2_is_intersection_decision_tree       0x08003d09   Thumb Code    24  u8g2_intersection.o(i.u8g2_is_intersection_decision_tree)
    u8g2_ll_hvline_vertical_top_lsb          0x08003d21   Thumb Code   144  u8g2_ll_hvline.o(i.u8g2_ll_hvline_vertical_top_lsb)
    u8g2_m_16_8_f                            0x08003db1   Thumb Code     8  u8g2_d_memory.o(i.u8g2_m_16_8_f)
    u8g2_read_font_info                      0x08003dbd   Thumb Code   106  u8g2_font.o(i.u8g2_read_font_info)
    u8g2_update_dimension_r0                 0x08003ebb   Thumb Code     4  u8g2_setup.o(i.u8g2_update_dimension_r0)
    u8g2_update_page_win_r0                  0x08003ebf   Thumb Code    34  u8g2_setup.o(i.u8g2_update_page_win_r0)
    u8x8_DrawTile                            0x08003ee1   Thumb Code    30  u8x8_display.o(i.u8x8_DrawTile)
    u8x8_InitDisplay                         0x08003eff   Thumb Code    16  u8x8_display.o(i.u8x8_InitDisplay)
    u8x8_RefreshDisplay                      0x08003f0f   Thumb Code    16  u8x8_display.o(i.u8x8_RefreshDisplay)
    u8x8_SetContrast                         0x08003f1f   Thumb Code    16  u8x8_display.o(i.u8x8_SetContrast)
    u8x8_SetPowerSave                        0x08003f2f   Thumb Code    16  u8x8_display.o(i.u8x8_SetPowerSave)
    u8x8_Setup                               0x08003f3f   Thumb Code    34  u8x8_setup.o(i.u8x8_Setup)
    u8x8_SetupDefaults                       0x08003f61   Thumb Code    32  u8x8_setup.o(i.u8x8_SetupDefaults)
    u8x8_SetupMemory                         0x08003f85   Thumb Code    16  u8x8_display.o(i.u8x8_SetupMemory)
    u8x8_ascii_next                          0x08003f95   Thumb Code    14  u8x8_8x8.o(i.u8x8_ascii_next)
    u8x8_byte_EndTransfer                    0x08003fa3   Thumb Code    16  u8x8_byte.o(i.u8x8_byte_EndTransfer)
    u8x8_byte_SendByte                       0x08003fb3   Thumb Code    14  u8x8_byte.o(i.u8x8_byte_SendByte)
    u8x8_byte_StartTransfer                  0x08003fc1   Thumb Code    16  u8x8_byte.o(i.u8x8_byte_StartTransfer)
    u8x8_byte_hw_i2c                         0x08003fd1   Thumb Code    76  main.o(i.u8x8_byte_hw_i2c)
    u8x8_cad_EndTransfer                     0x08004029   Thumb Code    16  u8x8_cad.o(i.u8x8_cad_EndTransfer)
    u8x8_cad_SendArg                         0x08004039   Thumb Code    16  u8x8_cad.o(i.u8x8_cad_SendArg)
    u8x8_cad_SendCmd                         0x08004049   Thumb Code    16  u8x8_cad.o(i.u8x8_cad_SendCmd)
    u8x8_cad_SendData                        0x08004059   Thumb Code    16  u8x8_cad.o(i.u8x8_cad_SendData)
    u8x8_cad_SendSequence                    0x08004069   Thumb Code   104  u8x8_cad.o(i.u8x8_cad_SendSequence)
    u8x8_cad_StartTransfer                   0x080040d1   Thumb Code    16  u8x8_cad.o(i.u8x8_cad_StartTransfer)
    u8x8_cad_ssd13xx_fast_i2c                0x080040e1   Thumb Code   182  u8x8_cad.o(i.u8x8_cad_ssd13xx_fast_i2c)
    u8x8_d_helper_display_init               0x0800419d   Thumb Code    96  u8x8_display.o(i.u8x8_d_helper_display_init)
    u8x8_d_helper_display_setup_memory       0x080041fd   Thumb Code    10  u8x8_display.o(i.u8x8_d_helper_display_setup_memory)
    u8x8_d_ssd1306_128x64_noname             0x08004209   Thumb Code    52  u8x8_d_ssd1306_128x64_noname.o(i.u8x8_d_ssd1306_128x64_noname)
    u8x8_dummy_cb                            0x0800430d   Thumb Code     4  u8x8_setup.o(i.u8x8_dummy_cb)
    u8x8_gpio_and_delay_stm32f1              0x08004311   Thumb Code    44  main.o(i.u8x8_gpio_and_delay_stm32f1)
    u8x8_gpio_call                           0x0800433d   Thumb Code    12  u8x8_gpio.o(i.u8x8_gpio_call)
    u8x8_utf8_init                           0x08004375   Thumb Code     8  u8x8_8x8.o(i.u8x8_utf8_init)
    window_animation                         0x0800437d   Thumb Code   426  main.o(i.window_animation)
    window_init                              0x08004541   Thumb Code    22  main.o(i.window_init)
    __aeabi_fadd                             0x08004569   Thumb Code     0  faddsub_clz.o(x$fpl$fadd)
    _fadd                                    0x08004569   Thumb Code   196  faddsub_clz.o(x$fpl$fadd)
    __fpl_fcheck_NaN1                        0x0800462d   Thumb Code     6  fcheck1.o(x$fpl$fcheck1)
    __fpl_fcmp_Inf                           0x08004639   Thumb Code    24  fcmpi.o(x$fpl$fcmpinf)
    __aeabi_fdiv                             0x08004651   Thumb Code     0  fdiv.o(x$fpl$fdiv)
    _fdiv                                    0x08004651   Thumb Code   384  fdiv.o(x$fpl$fdiv)
    __aeabi_cfcmpeq                          0x080047d5   Thumb Code     0  feqf.o(x$fpl$feqf)
    _fcmpeq                                  0x080047d5   Thumb Code   104  feqf.o(x$fpl$feqf)
    __aeabi_f2iz                             0x0800483d   Thumb Code     0  ffix.o(x$fpl$ffix)
    _ffix                                    0x0800483d   Thumb Code    54  ffix.o(x$fpl$ffix)
    __aeabi_i2f                              0x08004875   Thumb Code     0  fflt_clz.o(x$fpl$fflt)
    _fflt                                    0x08004875   Thumb Code    48  fflt_clz.o(x$fpl$fflt)
    __aeabi_ui2f                             0x080048a5   Thumb Code     0  fflt_clz.o(x$fpl$ffltu)
    _ffltu                                   0x080048a5   Thumb Code    38  fflt_clz.o(x$fpl$ffltu)
    __aeabi_cfcmple                          0x080048cd   Thumb Code     0  fleqf.o(x$fpl$fleqf)
    _fcmple                                  0x080048cd   Thumb Code   104  fleqf.o(x$fpl$fleqf)
    __fpl_fcmple_InfNaN                      0x0800491f   Thumb Code     0  fleqf.o(x$fpl$fleqf)
    __fpl_fnaninf                            0x08004935   Thumb Code   140  fnaninf.o(x$fpl$fnaninf)
    __fpl_fretinf                            0x080049c1   Thumb Code    10  fretinf.o(x$fpl$fretinf)
    __aeabi_fsub                             0x080049cd   Thumb Code     0  faddsub_clz.o(x$fpl$fsub)
    _fsub                                    0x080049cd   Thumb Code   234  faddsub_clz.o(x$fpl$fsub)
    __fpl_return_NaN                         0x08004ab7   Thumb Code   100  retnan.o(x$fpl$retnan)
    __ARM_scalbnf                            0x08004b1b   Thumb Code    76  scalbnf.o(x$fpl$scalbnf)
    __fpl_cmpreturn                          0x08004b67   Thumb Code    48  trapv.o(x$fpl$trapveneer)
    __I$use$fp                               0x08004b96   Number         0  usenofp.o(x$fpl$usenofp)
    AHBPrescTable                            0x08004bba   Data          16  system_stm32f1xx.o(.constdata)
    APBPrescTable                            0x08004bca   Data           8  system_stm32f1xx.o(.constdata)
    u8g2_font_6x10_mf                        0x08004bd2   Data        2393  u8g2_fonts.o(.constdata)
    u8g2_font_9x18B_mf                       0x0800552b   Data        3494  u8g2_fonts.o(.constdata)
    u8g2_cb_r0                               0x080062d4   Data          12  u8g2_setup.o(.constdata)
    _monlen                                  0x08006449   Data          12  _monlen.o(.constdata)
    Region$$Table$$Base                      0x080064f0   Number         0  anon$$obj.o(Region$$Table)
    Region$$Table$$Limit                     0x08006510   Number         0  anon$$obj.o(Region$$Table)
    keynum                                   0x200002d2   Data           2  main.o(.data)
    state                                    0x200002d4   Data           2  main.o(.data)
    previous_state                           0x200002d6   Data           2  main.o(.data)
    encodernum                               0x200002e0   Data           2  main.o(.data)
    fps                                      0x200002e2   Data           4  main.o(.data)
    menu_text                                0x20000300   Data          72  main.o(.data)
    setting_text                             0x20000348   Data          24  main.o(.data)
    folder_text                              0x20000360   Data         108  main.o(.data)
    game_text                                0x200003cc   Data          36  main.o(.data)
    uwTickFreq                               0x200003f0   Data           1  stm32f1xx_hal.o(.data)
    uwTickPrio                               0x200003f4   Data           4  stm32f1xx_hal.o(.data)
    uwTick                                   0x200003f8   Data           4  stm32f1xx_hal.o(.data)
    SystemCoreClock                          0x200003fc   Data           4  system_stm32f1xx.o(.data)
    u8g2                                     0x200004c8   Data         148  main.o(.bss)
    timedate                                 0x2000055c   Data          44  main.o(.bss)
    frame_list                               0x20000588   Data         128  main.o(.bss)
    menu_name                                0x20000608   Data          32  main.o(.bss)
    m_menus                                  0x20000628   Data         192  main.o(.bss)
    frame                                    0x200006e8   Data          32  main.o(.bss)
    slider                                   0x20000708   Data          32  main.o(.bss)
    m_folders                                0x20000728   Data         288  main.o(.bss)
    m_settings                               0x20000848   Data          64  main.o(.bss)
    m_games                                  0x20000888   Data          96  main.o(.bss)
    m_window                                 0x200008e8   Data          32  main.o(.bss)
    m_states                                 0x20000908   Data         192  main.o(.bss)
    hi2c1                                    0x200009c8   Data          84  i2c.o(.bss)
    hrtc                                     0x20000a1c   Data          20  rtc.o(.bss)
    htim2                                    0x20000a30   Data          72  tim.o(.bss)
    htim3                                    0x20000a78   Data          72  tim.o(.bss)
    __libspace_start                         0x20000eec   Data          96  libspace.o(.bss)
    __temporary_stack_top$libspace           0x20000f4c   Data           0  libspace.o(.bss)



==============================================================================

Memory Map of the image

  Image Entry point : 0x080000ed

  Load Region LR_IROM1 (Base: 0x08000000, Size: 0x00006918, Max: 0x00010000, ABSOLUTE, COMPRESSED[0x0000661c])

    Execution Region ER_IROM1 (Exec base: 0x08000000, Load base: 0x08000000, Size: 0x00006510, Max: 0x00010000, ABSOLUTE)

    Exec Addr    Load Addr    Size         Type   Attr      Idx    E Section Name        Object

    0x08000000   0x08000000   0x000000ec   Data   RO            3    RESET               startup_stm32f103xb.o
    0x080000ec   0x080000ec   0x00000008   Code   RO         8294  * !!!main             c_w.l(__main.o)
    0x080000f4   0x080000f4   0x00000034   Code   RO         8504    !!!scatter          c_w.l(__scatter.o)
    0x08000128   0x08000128   0x0000005a   Code   RO         8502    !!dczerorl2         c_w.l(__dczerorl2.o)
    0x08000182   0x08000182   0x00000002   PAD
    0x08000184   0x08000184   0x0000001c   Code   RO         8506    !!handler_zi        c_w.l(__scatter_zi.o)
    0x080001a0   0x080001a0   0x00000000   Code   RO         8278    .ARM.Collect$$_printf_percent$$00000000  c_w.l(_printf_percent.o)
    0x080001a0   0x080001a0   0x00000006   Code   RO         8277    .ARM.Collect$$_printf_percent$$00000009  c_w.l(_printf_d.o)
    0x080001a6   0x080001a6   0x00000004   Code   RO         8329    .ARM.Collect$$_printf_percent$$00000017  c_w.l(_printf_percent_end.o)
    0x080001aa   0x080001aa   0x00000002   Code   RO         8370    .ARM.Collect$$libinit$$00000000  c_w.l(libinit.o)
    0x080001ac   0x080001ac   0x00000000   Code   RO         8379    .ARM.Collect$$libinit$$00000002  c_w.l(libinit2.o)
    0x080001ac   0x080001ac   0x00000000   Code   RO         8381    .ARM.Collect$$libinit$$00000004  c_w.l(libinit2.o)
    0x080001ac   0x080001ac   0x00000000   Code   RO         8384    .ARM.Collect$$libinit$$0000000A  c_w.l(libinit2.o)
    0x080001ac   0x080001ac   0x00000000   Code   RO         8386    .ARM.Collect$$libinit$$0000000C  c_w.l(libinit2.o)
    0x080001ac   0x080001ac   0x00000000   Code   RO         8388    .ARM.Collect$$libinit$$0000000E  c_w.l(libinit2.o)
    0x080001ac   0x080001ac   0x00000000   Code   RO         8391    .ARM.Collect$$libinit$$00000011  c_w.l(libinit2.o)
    0x080001ac   0x080001ac   0x00000000   Code   RO         8393    .ARM.Collect$$libinit$$00000013  c_w.l(libinit2.o)
    0x080001ac   0x080001ac   0x00000000   Code   RO         8395    .ARM.Collect$$libinit$$00000015  c_w.l(libinit2.o)
    0x080001ac   0x080001ac   0x00000000   Code   RO         8397    .ARM.Collect$$libinit$$00000017  c_w.l(libinit2.o)
    0x080001ac   0x080001ac   0x00000000   Code   RO         8399    .ARM.Collect$$libinit$$00000019  c_w.l(libinit2.o)
    0x080001ac   0x080001ac   0x00000000   Code   RO         8401    .ARM.Collect$$libinit$$0000001B  c_w.l(libinit2.o)
    0x080001ac   0x080001ac   0x00000000   Code   RO         8403    .ARM.Collect$$libinit$$0000001D  c_w.l(libinit2.o)
    0x080001ac   0x080001ac   0x00000000   Code   RO         8405    .ARM.Collect$$libinit$$0000001F  c_w.l(libinit2.o)
    0x080001ac   0x080001ac   0x00000000   Code   RO         8407    .ARM.Collect$$libinit$$00000021  c_w.l(libinit2.o)
    0x080001ac   0x080001ac   0x00000000   Code   RO         8409    .ARM.Collect$$libinit$$00000023  c_w.l(libinit2.o)
    0x080001ac   0x080001ac   0x00000000   Code   RO         8411    .ARM.Collect$$libinit$$00000025  c_w.l(libinit2.o)
    0x080001ac   0x080001ac   0x00000000   Code   RO         8415    .ARM.Collect$$libinit$$0000002C  c_w.l(libinit2.o)
    0x080001ac   0x080001ac   0x00000000   Code   RO         8417    .ARM.Collect$$libinit$$0000002E  c_w.l(libinit2.o)
    0x080001ac   0x080001ac   0x00000000   Code   RO         8419    .ARM.Collect$$libinit$$00000030  c_w.l(libinit2.o)
    0x080001ac   0x080001ac   0x00000000   Code   RO         8421    .ARM.Collect$$libinit$$00000032  c_w.l(libinit2.o)
    0x080001ac   0x080001ac   0x00000002   Code   RO         8422    .ARM.Collect$$libinit$$00000033  c_w.l(libinit2.o)
    0x080001ae   0x080001ae   0x00000002   Code   RO         8442    .ARM.Collect$$libshutdown$$00000000  c_w.l(libshutdown.o)
    0x080001b0   0x080001b0   0x00000000   Code   RO         8455    .ARM.Collect$$libshutdown$$00000002  c_w.l(libshutdown2.o)
    0x080001b0   0x080001b0   0x00000000   Code   RO         8457    .ARM.Collect$$libshutdown$$00000004  c_w.l(libshutdown2.o)
    0x080001b0   0x080001b0   0x00000000   Code   RO         8460    .ARM.Collect$$libshutdown$$00000007  c_w.l(libshutdown2.o)
    0x080001b0   0x080001b0   0x00000000   Code   RO         8463    .ARM.Collect$$libshutdown$$0000000A  c_w.l(libshutdown2.o)
    0x080001b0   0x080001b0   0x00000000   Code   RO         8465    .ARM.Collect$$libshutdown$$0000000C  c_w.l(libshutdown2.o)
    0x080001b0   0x080001b0   0x00000000   Code   RO         8468    .ARM.Collect$$libshutdown$$0000000F  c_w.l(libshutdown2.o)
    0x080001b0   0x080001b0   0x00000002   Code   RO         8469    .ARM.Collect$$libshutdown$$00000010  c_w.l(libshutdown2.o)
    0x080001b2   0x080001b2   0x00000000   Code   RO         8322    .ARM.Collect$$rtentry$$00000000  c_w.l(__rtentry.o)
    0x080001b2   0x080001b2   0x00000000   Code   RO         8343    .ARM.Collect$$rtentry$$00000002  c_w.l(__rtentry2.o)
    0x080001b2   0x080001b2   0x00000006   Code   RO         8355    .ARM.Collect$$rtentry$$00000004  c_w.l(__rtentry4.o)
    0x080001b8   0x080001b8   0x00000000   Code   RO         8345    .ARM.Collect$$rtentry$$00000009  c_w.l(__rtentry2.o)
    0x080001b8   0x080001b8   0x00000004   Code   RO         8346    .ARM.Collect$$rtentry$$0000000A  c_w.l(__rtentry2.o)
    0x080001bc   0x080001bc   0x00000000   Code   RO         8348    .ARM.Collect$$rtentry$$0000000C  c_w.l(__rtentry2.o)
    0x080001bc   0x080001bc   0x00000008   Code   RO         8349    .ARM.Collect$$rtentry$$0000000D  c_w.l(__rtentry2.o)
    0x080001c4   0x080001c4   0x00000002   Code   RO         8376    .ARM.Collect$$rtexit$$00000000  c_w.l(rtexit.o)
    0x080001c6   0x080001c6   0x00000000   Code   RO         8424    .ARM.Collect$$rtexit$$00000002  c_w.l(rtexit2.o)
    0x080001c6   0x080001c6   0x00000004   Code   RO         8425    .ARM.Collect$$rtexit$$00000003  c_w.l(rtexit2.o)
    0x080001ca   0x080001ca   0x00000006   Code   RO         8426    .ARM.Collect$$rtexit$$00000004  c_w.l(rtexit2.o)
    0x080001d0   0x080001d0   0x00000040   Code   RO            4    .text               startup_stm32f103xb.o
    0x08000210   0x08000210   0x00000028   Code   RO         8249    .text               c_w.l(noretval__2sprintf.o)
    0x08000238   0x08000238   0x0000004e   Code   RO         8253    .text               c_w.l(_printf_pad.o)
    0x08000286   0x08000286   0x00000002   PAD
    0x08000288   0x08000288   0x00000078   Code   RO         8255    .text               c_w.l(_printf_dec.o)
    0x08000300   0x08000300   0x00000138   Code   RO         8269    .text               c_w.l(__printf_flags_wp.o)
    0x08000438   0x08000438   0x0000003e   Code   RO         8279    .text               c_w.l(strlen.o)
    0x08000476   0x08000476   0x00000064   Code   RO         8281    .text               c_w.l(rt_memcpy_w.o)
    0x080004da   0x080004da   0x00000044   Code   RO         8283    .text               c_w.l(rt_memclr.o)
    0x0800051e   0x0800051e   0x0000004e   Code   RO         8285    .text               c_w.l(rt_memclr_w.o)
    0x0800056c   0x0800056c   0x0000000c   Code   RO         8287    .text               c_w.l(localtime.o)
    0x08000578   0x08000578   0x000001ac   Code   RO         8290    .text               c_w.l(mktime.o)
    0x08000724   0x08000724   0x00000006   Code   RO         8292    .text               c_w.l(heapauxi.o)
    0x0800072a   0x0800072a   0x000000b2   Code   RO         8323    .text               c_w.l(_printf_intcommon.o)
    0x080007dc   0x080007dc   0x00000030   Code   RO         8325    .text               c_w.l(_printf_char_common.o)
    0x0800080c   0x0800080c   0x0000000a   Code   RO         8327    .text               c_w.l(_sputc.o)
    0x08000816   0x08000816   0x00000002   PAD
    0x08000818   0x08000818   0x000000b8   Code   RO         8331    .text               c_w.l(localtime_internal.o)
    0x080008d0   0x080008d0   0x0000004a   Code   RO         8361    .text               c_w.l(sys_stackheap_outer.o)
    0x0800091a   0x0800091a   0x00000012   Code   RO         8363    .text               c_w.l(exit.o)
    0x0800092c   0x0800092c   0x00000008   Code   RO         8373    .text               c_w.l(libspace.o)
    0x08000934   0x08000934   0x0000000c   Code   RO         8434    .text               c_w.l(sys_exit.o)
    0x08000940   0x08000940   0x00000002   Code   RO         8445    .text               c_w.l(use_no_semi.o)
    0x08000942   0x08000942   0x00000000   Code   RO         8447    .text               c_w.l(indicate_semi.o)
    0x08000942   0x08000942   0x00000002   Code   RO          535    i.BusFault_Handler  stm32f1xx_it.o
    0x08000944   0x08000944   0x00000002   Code   RO          536    i.DebugMon_Handler  stm32f1xx_it.o
    0x08000946   0x08000946   0x00000004   Code   RO          171    i.Error_Handler     main.o
    0x0800094a   0x0800094a   0x00000002   PAD
    0x0800094c   0x0800094c   0x00000024   Code   RO         1121    i.HAL_Delay         stm32f1xx_hal.o
    0x08000970   0x08000970   0x000001e0   Code   RO         1431    i.HAL_GPIO_Init     stm32f1xx_hal_gpio.o
    0x08000b50   0x08000b50   0x0000000a   Code   RO         1433    i.HAL_GPIO_ReadPin  stm32f1xx_hal_gpio.o
    0x08000b5a   0x08000b5a   0x00000002   PAD
    0x08000b5c   0x08000b5c   0x0000000c   Code   RO         1125    i.HAL_GetTick       stm32f1xx_hal.o
    0x08000b68   0x08000b68   0x00000188   Code   RO          688    i.HAL_I2C_Init      stm32f1xx_hal_i2c.o
    0x08000cf0   0x08000cf0   0x0000012c   Code   RO          701    i.HAL_I2C_Master_Transmit  stm32f1xx_hal_i2c.o
    0x08000e1c   0x08000e1c   0x00000070   Code   RO          377    i.HAL_I2C_MspInit   i2c.o
    0x08000e8c   0x08000e8c   0x00000010   Code   RO         1131    i.HAL_IncTick       stm32f1xx_hal.o
    0x08000e9c   0x08000e9c   0x00000024   Code   RO         1132    i.HAL_Init          stm32f1xx_hal.o
    0x08000ec0   0x08000ec0   0x00000040   Code   RO         1133    i.HAL_InitTick      stm32f1xx_hal.o
    0x08000f00   0x08000f00   0x0000003c   Code   RO          617    i.HAL_MspInit       stm32f1xx_hal_msp.o
    0x08000f3c   0x08000f3c   0x0000001a   Code   RO         1591    i.HAL_NVIC_EnableIRQ  stm32f1xx_hal_cortex.o
    0x08000f56   0x08000f56   0x00000002   PAD
    0x08000f58   0x08000f58   0x00000040   Code   RO         1597    i.HAL_NVIC_SetPriority  stm32f1xx_hal_cortex.o
    0x08000f98   0x08000f98   0x00000024   Code   RO         1598    i.HAL_NVIC_SetPriorityGrouping  stm32f1xx_hal_cortex.o
    0x08000fbc   0x08000fbc   0x0000000c   Code   RO         1713    i.HAL_PWR_EnableBkUpAccess  stm32f1xx_hal_pwr.o
    0x08000fc8   0x08000fc8   0x000000a4   Code   RO         1392    i.HAL_RCCEx_GetPeriphCLKFreq  stm32f1xx_hal_rcc_ex.o
    0x0800106c   0x0800106c   0x000000ec   Code   RO         1393    i.HAL_RCCEx_PeriphCLKConfig  stm32f1xx_hal_rcc_ex.o
    0x08001158   0x08001158   0x0000012c   Code   RO         1289    i.HAL_RCC_ClockConfig  stm32f1xx_hal_rcc.o
    0x08001284   0x08001284   0x00000020   Code   RO         1296    i.HAL_RCC_GetPCLK1Freq  stm32f1xx_hal_rcc.o
    0x080012a4   0x080012a4   0x00000020   Code   RO         1297    i.HAL_RCC_GetPCLK2Freq  stm32f1xx_hal_rcc.o
    0x080012c4   0x080012c4   0x0000004c   Code   RO         1298    i.HAL_RCC_GetSysClockFreq  stm32f1xx_hal_rcc.o
    0x08001310   0x08001310   0x00000320   Code   RO         1301    i.HAL_RCC_OscConfig  stm32f1xx_hal_rcc.o
    0x08001630   0x08001630   0x00000010   Code   RO         2261    i.HAL_RTCEx_BKUPRead  stm32f1xx_hal_rtc_ex.o
    0x08001640   0x08001640   0x00000010   Code   RO         2262    i.HAL_RTCEx_BKUPWrite  stm32f1xx_hal_rtc_ex.o
    0x08001650   0x08001650   0x0000004e   Code   RO         2096    i.HAL_RTC_GetDate   stm32f1xx_hal_rtc.o
    0x0800169e   0x0800169e   0x000000d8   Code   RO         2098    i.HAL_RTC_GetTime   stm32f1xx_hal_rtc.o
    0x08001776   0x08001776   0x00000002   PAD
    0x08001778   0x08001778   0x00000094   Code   RO         2099    i.HAL_RTC_Init      stm32f1xx_hal_rtc.o
    0x0800180c   0x0800180c   0x00000034   Code   RO          419    i.HAL_RTC_MspInit   rtc.o
    0x08001840   0x08001840   0x000000c4   Code   RO         2105    i.HAL_RTC_SetDate   stm32f1xx_hal_rtc.o
    0x08001904   0x08001904   0x000000ac   Code   RO         2106    i.HAL_RTC_SetTime   stm32f1xx_hal_rtc.o
    0x080019b0   0x080019b0   0x0000003a   Code   RO         2107    i.HAL_RTC_WaitForSynchro  stm32f1xx_hal_rtc.o
    0x080019ea   0x080019ea   0x00000028   Code   RO         1602    i.HAL_SYSTICK_Config  stm32f1xx_hal_cortex.o
    0x08001a12   0x08001a12   0x00000002   Code   RO         3069    i.HAL_TIMEx_BreakCallback  stm32f1xx_hal_tim_ex.o
    0x08001a14   0x08001a14   0x00000002   Code   RO         3070    i.HAL_TIMEx_CommutCallback  stm32f1xx_hal_tim_ex.o
    0x08001a16   0x08001a16   0x00000002   PAD
    0x08001a18   0x08001a18   0x00000068   Code   RO         3088    i.HAL_TIMEx_MasterConfigSynchronization  stm32f1xx_hal_tim_ex.o
    0x08001a80   0x08001a80   0x0000005a   Code   RO         2365    i.HAL_TIM_Base_Init  stm32f1xx_hal_tim.o
    0x08001ada   0x08001ada   0x00000002   PAD
    0x08001adc   0x08001adc   0x00000038   Code   RO          476    i.HAL_TIM_Base_MspInit  tim.o
    0x08001b14   0x08001b14   0x00000058   Code   RO         2370    i.HAL_TIM_Base_Start_IT  stm32f1xx_hal_tim.o
    0x08001b6c   0x08001b6c   0x000000dc   Code   RO         2374    i.HAL_TIM_ConfigClockSource  stm32f1xx_hal_tim.o
    0x08001c48   0x08001c48   0x000000a4   Code   RO         2386    i.HAL_TIM_Encoder_Init  stm32f1xx_hal_tim.o
    0x08001cec   0x08001cec   0x00000054   Code   RO          478    i.HAL_TIM_Encoder_MspInit  tim.o
    0x08001d40   0x08001d40   0x0000008e   Code   RO         2389    i.HAL_TIM_Encoder_Start  stm32f1xx_hal_tim.o
    0x08001dce   0x08001dce   0x00000002   Code   RO         2399    i.HAL_TIM_IC_CaptureCallback  stm32f1xx_hal_tim.o
    0x08001dd0   0x08001dd0   0x00000130   Code   RO         2413    i.HAL_TIM_IRQHandler  stm32f1xx_hal_tim.o
    0x08001f00   0x08001f00   0x00000002   Code   RO         2416    i.HAL_TIM_OC_DelayElapsedCallback  stm32f1xx_hal_tim.o
    0x08001f02   0x08001f02   0x00000002   Code   RO         2443    i.HAL_TIM_PWM_PulseFinishedCallback  stm32f1xx_hal_tim.o
    0x08001f04   0x08001f04   0x00000024   Code   RO          172    i.HAL_TIM_PeriodElapsedCallback  main.o
    0x08001f28   0x08001f28   0x00000002   Code   RO         2456    i.HAL_TIM_TriggerCallback  stm32f1xx_hal_tim.o
    0x08001f2a   0x08001f2a   0x00000002   Code   RO          537    i.HardFault_Handler  stm32f1xx_it.o
    0x08001f2c   0x08001f2c   0x0000002e   Code   RO          731    i.I2C_IsAcknowledgeFailed  stm32f1xx_hal_i2c.o
    0x08001f5a   0x08001f5a   0x00000002   PAD
    0x08001f5c   0x08001f5c   0x0000009c   Code   RO          735    i.I2C_MasterRequestWrite  stm32f1xx_hal_i2c.o
    0x08001ff8   0x08001ff8   0x00000056   Code   RO          746    i.I2C_WaitOnBTFFlagUntilTimeout  stm32f1xx_hal_i2c.o
    0x0800204e   0x0800204e   0x00000002   PAD
    0x08002050   0x08002050   0x00000090   Code   RO          747    i.I2C_WaitOnFlagUntilTimeout  stm32f1xx_hal_i2c.o
    0x080020e0   0x080020e0   0x000000bc   Code   RO          748    i.I2C_WaitOnMasterAddressFlagUntilTimeout  stm32f1xx_hal_i2c.o
    0x0800219c   0x0800219c   0x00000056   Code   RO          750    i.I2C_WaitOnTXEFlagUntilTimeout  stm32f1xx_hal_i2c.o
    0x080021f2   0x080021f2   0x00000002   PAD
    0x080021f4   0x080021f4   0x00000068   Code   RO          352    i.MX_GPIO_Init      gpio.o
    0x0800225c   0x0800225c   0x00000040   Code   RO          378    i.MX_I2C1_Init      i2c.o
    0x0800229c   0x0800229c   0x0000008c   Code   RO          420    i.MX_RTC_Init       rtc.o
    0x08002328   0x08002328   0x00000068   Code   RO          479    i.MX_TIM2_Init      tim.o
    0x08002390   0x08002390   0x0000006c   Code   RO          480    i.MX_TIM3_Init      tim.o
    0x080023fc   0x080023fc   0x00000002   Code   RO          538    i.MemManage_Handler  stm32f1xx_it.o
    0x080023fe   0x080023fe   0x0000001c   Code   RO          421    i.My_Rtime          rtc.o
    0x0800241a   0x0800241a   0x00000002   Code   RO          539    i.NMI_Handler       stm32f1xx_it.o
    0x0800241c   0x0800241c   0x00000002   Code   RO          540    i.PendSV_Handler    stm32f1xx_it.o
    0x0800241e   0x0800241e   0x00000012   Code   RO         2108    i.RTC_Bcd2ToByte    stm32f1xx_hal_rtc.o
    0x08002430   0x08002430   0x00000016   Code   RO         2109    i.RTC_ByteToBcd2    stm32f1xx_hal_rtc.o
    0x08002446   0x08002446   0x000000ae   Code   RO         2110    i.RTC_DateUpdate    stm32f1xx_hal_rtc.o
    0x080024f4   0x080024f4   0x00000034   Code   RO         2111    i.RTC_EnterInitMode  stm32f1xx_hal_rtc.o
    0x08002528   0x08002528   0x00000036   Code   RO         2112    i.RTC_ExitInitMode  stm32f1xx_hal_rtc.o
    0x0800255e   0x0800255e   0x0000000e   Code   RO         2113    i.RTC_ReadAlarmCounter  stm32f1xx_hal_rtc.o
    0x0800256c   0x0800256c   0x00000020   Code   RO         2114    i.RTC_ReadTimeCounter  stm32f1xx_hal_rtc.o
    0x0800258c   0x0800258c   0x00000056   Code   RO         2115    i.RTC_WeekDayNum    stm32f1xx_hal_rtc.o
    0x080025e2   0x080025e2   0x00000028   Code   RO         2116    i.RTC_WriteAlarmCounter  stm32f1xx_hal_rtc.o
    0x0800260a   0x0800260a   0x00000028   Code   RO         2117    i.RTC_WriteTimeCounter  stm32f1xx_hal_rtc.o
    0x08002632   0x08002632   0x00000002   Code   RO          541    i.SVC_Handler       stm32f1xx_it.o
    0x08002634   0x08002634   0x00000004   Code   RO          542    i.SysTick_Handler   stm32f1xx_it.o
    0x08002638   0x08002638   0x00000080   Code   RO          173    i.SystemClock_Config  main.o
    0x080026b8   0x080026b8   0x00000002   Code   RO         3337    i.SystemInit        system_stm32f1xx.o
    0x080026ba   0x080026ba   0x00000002   PAD
    0x080026bc   0x080026bc   0x0000000c   Code   RO          543    i.TIM2_IRQHandler   stm32f1xx_it.o
    0x080026c8   0x080026c8   0x00000078   Code   RO         2458    i.TIM_Base_SetConfig  stm32f1xx_hal_tim.o
    0x08002740   0x08002740   0x0000001a   Code   RO         2459    i.TIM_CCxChannelCmd  stm32f1xx_hal_tim.o
    0x0800275a   0x0800275a   0x00000014   Code   RO         2469    i.TIM_ETR_SetConfig  stm32f1xx_hal_tim.o
    0x0800276e   0x0800276e   0x00000010   Code   RO         2470    i.TIM_ITRx_SetConfig  stm32f1xx_hal_tim.o
    0x0800277e   0x0800277e   0x00000022   Code   RO         2476    i.TIM_TI1_ConfigInputStage  stm32f1xx_hal_tim.o
    0x080027a0   0x080027a0   0x00000024   Code   RO         2478    i.TIM_TI2_ConfigInputStage  stm32f1xx_hal_tim.o
    0x080027c4   0x080027c4   0x00000002   Code   RO          544    i.UsageFault_Handler  stm32f1xx_it.o
    0x080027c6   0x080027c6   0x00000020   Code   RO         1604    i.__NVIC_SetPriority  stm32f1xx_hal_cortex.o
    0x080027e6   0x080027e6   0x0000000e   Code   RO         8267    i._is_digit         c_w.l(__printf_wp.o)
    0x080027f4   0x080027f4   0x00000060   Code   RO          174    i.animation         main.o
    0x08002854   0x08002854   0x0000000c   Code   RO          131    i.encoder_init      encoder.o
    0x08002860   0x08002860   0x00000014   Code   RO          132    i.get_cnt           encoder.o
    0x08002874   0x08002874   0x00000058   Code   RO           13    i.key_scanf         key.o
    0x080028cc   0x080028cc   0x0000027c   Code   RO          175    i.list_animation    main.o
    0x08002b48   0x08002b48   0x00000098   Code   RO          176    i.list_init         main.o
    0x08002be0   0x08002be0   0x000000d8   Code   RO          177    i.main              main.o
    0x08002cb8   0x08002cb8   0x000001a8   Code   RO          178    i.menu_animation    main.o
    0x08002e60   0x08002e60   0x0000005c   Code   RO          179    i.menu_init         main.o
    0x08002ebc   0x08002ebc   0x000001a0   Code   RO          180    i.open_animation    main.o
    0x0800305c   0x0800305c   0x00000040   Code   RO          181    i.open_init         main.o
    0x0800309c   0x0800309c   0x00000060   Code   RO          422    i.rtc_get_unix_sec  rtc.o
    0x080030fc   0x080030fc   0x00000044   Code   RO          182    i.show_fps          main.o
    0x08003140   0x08003140   0x0000003c   Code   RO          183    i.show_time         main.o
    0x0800317c   0x0800317c   0x00000060   Code   RO          184    i.state_init        main.o
    0x080031dc   0x080031dc   0x00000012   Code   RO         4199    i.u8g2_ClearBuffer  u8g2_buffer.o
    0x080031ee   0x080031ee   0x00000044   Code   RO         4169    i.u8g2_DrawBox      u8g2_box.o
    0x08003232   0x08003232   0x00000040   Code   RO         4294    i.u8g2_DrawDisc     u8g2_circle.o
    0x08003272   0x08003272   0x00000088   Code   RO         4170    i.u8g2_DrawFrame    u8g2_box.o
    0x080032fa   0x080032fa   0x00000070   Code   RO         4402    i.u8g2_DrawGlyph    u8g2_font.o
    0x0800336a   0x0800336a   0x00000002   PAD
    0x0800336c   0x0800336c   0x000000ac   Code   RO         6768    i.u8g2_DrawHVLine   u8g2_hvline.o
    0x08003418   0x08003418   0x000000ac   Code   RO         4122    i.u8g2_DrawHXBM     u8g2_bitmap.o
    0x080034c4   0x080034c4   0x000000e6   Code   RO         4171    i.u8g2_DrawRBox     u8g2_box.o
    0x080035aa   0x080035aa   0x00000002   PAD
    0x080035ac   0x080035ac   0x00000010   Code   RO         4405    i.u8g2_DrawStr      u8g2_font.o
    0x080035bc   0x080035bc   0x0000000c   Code   RO         6770    i.u8g2_DrawVLine    u8g2_hvline.o
    0x080035c8   0x080035c8   0x0000004c   Code   RO         4125    i.u8g2_DrawXBM      u8g2_bitmap.o
    0x08003614   0x08003614   0x00000030   Code   RO         6829    i.u8g2_IsIntersection  u8g2_intersection.o
    0x08003644   0x08003644   0x00000012   Code   RO         4202    i.u8g2_SendBuffer   u8g2_buffer.o
    0x08003656   0x08003656   0x00000010   Code   RO         6771    i.u8g2_SetDrawColor  u8g2_hvline.o
    0x08003666   0x08003666   0x00000020   Code   RO         4423    i.u8g2_SetFont      u8g2_font.o
    0x08003686   0x08003686   0x00000002   PAD
    0x08003688   0x08003688   0x0000000c   Code   RO         4426    i.u8g2_SetFontPosBaseline  u8g2_font.o
    0x08003694   0x08003694   0x0000001c   Code   RO         7017    i.u8g2_SetMaxClipWindow  u8g2_setup.o
    0x080036b0   0x080036b0   0x00000046   Code   RO         7018    i.u8g2_SetupBuffer  u8g2_setup.o
    0x080036f6   0x080036f6   0x00000002   PAD
    0x080036f8   0x080036f8   0x00000038   Code   RO         4388    i.u8g2_Setup_ssd1306_i2c_128x64_noname_f  u8g2_d_setup.o
    0x08003730   0x08003730   0x00000052   Code   RO         4433    i.u8g2_UpdateRefHeight  u8g2_font.o
    0x08003782   0x08003782   0x0000001c   Code   RO         4434    i.u8g2_add_vector_x  u8g2_font.o
    0x0800379e   0x0800379e   0x0000001c   Code   RO         4435    i.u8g2_add_vector_y  u8g2_font.o
    0x080037ba   0x080037ba   0x0000006e   Code   RO         7020    i.u8g2_apply_clip_window  u8g2_setup.o
    0x08003828   0x08003828   0x0000003c   Code   RO         6772    i.u8g2_clip_intersection2  u8g2_hvline.o
    0x08003864   0x08003864   0x0000006a   Code   RO         4299    i.u8g2_draw_disc    u8g2_circle.o
    0x080038ce   0x080038ce   0x000000cc   Code   RO         4300    i.u8g2_draw_disc_section  u8g2_circle.o
    0x0800399a   0x0800399a   0x00000012   Code   RO         6773    i.u8g2_draw_hv_line_2dir  u8g2_hvline.o
    0x080039ac   0x080039ac   0x0000000c   Code   RO         7022    i.u8g2_draw_l90_r0  u8g2_setup.o
    0x080039b8   0x080039b8   0x00000076   Code   RO         4436    i.u8g2_draw_string  u8g2_font.o
    0x08003a2e   0x08003a2e   0x00000004   Code   RO         4442    i.u8g2_font_calc_vref_font  u8g2_font.o
    0x08003a32   0x08003a32   0x00000014   Code   RO         4444    i.u8g2_font_decode_get_signed_bits  u8g2_font.o
    0x08003a46   0x08003a46   0x00000034   Code   RO         4445    i.u8g2_font_decode_get_unsigned_bits  u8g2_font.o
    0x08003a7a   0x08003a7a   0x00000002   PAD
    0x08003a7c   0x08003a7c   0x00000114   Code   RO         4446    i.u8g2_font_decode_glyph  u8g2_font.o
    0x08003b90   0x08003b90   0x0000008c   Code   RO         4447    i.u8g2_font_decode_len  u8g2_font.o
    0x08003c1c   0x08003c1c   0x00000072   Code   RO         4448    i.u8g2_font_get_glyph_data  u8g2_font.o
    0x08003c8e   0x08003c8e   0x00000014   Code   RO         4449    i.u8g2_font_get_word  u8g2_font.o
    0x08003ca2   0x08003ca2   0x00000034   Code   RO         4450    i.u8g2_font_setup_decode  u8g2_font.o
    0x08003cd6   0x08003cd6   0x00000002   PAD
    0x08003cd8   0x08003cd8   0x00000030   Code   RO          185    i.u8g2_init         main.o
    0x08003d08   0x08003d08   0x00000018   Code   RO         6830    i.u8g2_is_intersection_decision_tree  u8g2_intersection.o
    0x08003d20   0x08003d20   0x00000090   Code   RO         6878    i.u8g2_ll_hvline_vertical_top_lsb  u8g2_ll_hvline.o
    0x08003db0   0x08003db0   0x0000000c   Code   RO         4375    i.u8g2_m_16_8_f     u8g2_d_memory.o
    0x08003dbc   0x08003dbc   0x0000006a   Code   RO         4451    i.u8g2_read_font_info  u8g2_font.o
    0x08003e26   0x08003e26   0x0000004e   Code   RO         4210    i.u8g2_send_buffer  u8g2_buffer.o
    0x08003e74   0x08003e74   0x00000046   Code   RO         7027    i.u8g2_update_dimension_common  u8g2_setup.o
    0x08003eba   0x08003eba   0x00000004   Code   RO         7028    i.u8g2_update_dimension_r0  u8g2_setup.o
    0x08003ebe   0x08003ebe   0x00000022   Code   RO         7032    i.u8g2_update_page_win_r0  u8g2_setup.o
    0x08003ee0   0x08003ee0   0x0000001e   Code   RO         7812    i.u8x8_DrawTile     u8x8_display.o
    0x08003efe   0x08003efe   0x00000010   Code   RO         7814    i.u8x8_InitDisplay  u8x8_display.o
    0x08003f0e   0x08003f0e   0x00000010   Code   RO         7816    i.u8x8_RefreshDisplay  u8x8_display.o
    0x08003f1e   0x08003f1e   0x00000010   Code   RO         7817    i.u8x8_SetContrast  u8x8_display.o
    0x08003f2e   0x08003f2e   0x00000010   Code   RO         7819    i.u8x8_SetPowerSave  u8x8_display.o
    0x08003f3e   0x08003f3e   0x00000022   Code   RO         8118    i.u8x8_Setup        u8x8_setup.o
    0x08003f60   0x08003f60   0x00000024   Code   RO         8119    i.u8x8_SetupDefaults  u8x8_setup.o
    0x08003f84   0x08003f84   0x00000010   Code   RO         7820    i.u8x8_SetupMemory  u8x8_display.o
    0x08003f94   0x08003f94   0x0000000e   Code   RO         7312    i.u8x8_ascii_next   u8x8_8x8.o
    0x08003fa2   0x08003fa2   0x00000010   Code   RO         7438    i.u8x8_byte_EndTransfer  u8x8_byte.o
    0x08003fb2   0x08003fb2   0x0000000e   Code   RO         7439    i.u8x8_byte_SendByte  u8x8_byte.o
    0x08003fc0   0x08003fc0   0x00000010   Code   RO         7442    i.u8x8_byte_StartTransfer  u8x8_byte.o
    0x08003fd0   0x08003fd0   0x00000058   Code   RO          186    i.u8x8_byte_hw_i2c  main.o
    0x08004028   0x08004028   0x00000010   Code   RO         7559    i.u8x8_cad_EndTransfer  u8x8_cad.o
    0x08004038   0x08004038   0x00000010   Code   RO         7560    i.u8x8_cad_SendArg  u8x8_cad.o
    0x08004048   0x08004048   0x00000010   Code   RO         7561    i.u8x8_cad_SendCmd  u8x8_cad.o
    0x08004058   0x08004058   0x00000010   Code   RO         7562    i.u8x8_cad_SendData  u8x8_cad.o
    0x08004068   0x08004068   0x00000068   Code   RO         7564    i.u8x8_cad_SendSequence  u8x8_cad.o
    0x080040d0   0x080040d0   0x00000010   Code   RO         7565    i.u8x8_cad_StartTransfer  u8x8_cad.o
    0x080040e0   0x080040e0   0x000000bc   Code   RO         7568    i.u8x8_cad_ssd13xx_fast_i2c  u8x8_cad.o
    0x0800419c   0x0800419c   0x00000060   Code   RO         7821    i.u8x8_d_helper_display_init  u8x8_display.o
    0x080041fc   0x080041fc   0x0000000a   Code   RO         7822    i.u8x8_d_helper_display_setup_memory  u8x8_display.o
    0x08004206   0x08004206   0x00000002   PAD
    0x08004208   0x08004208   0x0000003c   Code   RO         7746    i.u8x8_d_ssd1306_128x64_noname  u8x8_d_ssd1306_128x64_noname.o
    0x08004244   0x08004244   0x000000c8   Code   RO         7748    i.u8x8_d_ssd1306_sh1106_generic  u8x8_d_ssd1306_128x64_noname.o
    0x0800430c   0x0800430c   0x00000004   Code   RO         8121    i.u8x8_dummy_cb     u8x8_setup.o
    0x08004310   0x08004310   0x0000002c   Code   RO          187    i.u8x8_gpio_and_delay_stm32f1  main.o
    0x0800433c   0x0800433c   0x0000000c   Code   RO         8040    i.u8x8_gpio_call    u8x8_gpio.o
    0x08004348   0x08004348   0x0000002c   Code   RO         7576    i.u8x8_i2c_data_transfer  u8x8_cad.o
    0x08004374   0x08004374   0x00000008   Code   RO         7320    i.u8x8_utf8_init    u8x8_8x8.o
    0x0800437c   0x0800437c   0x000001c4   Code   RO          188    i.window_animation  main.o
    0x08004540   0x08004540   0x00000028   Code   RO          189    i.window_init       main.o
    0x08004568   0x08004568   0x000000c4   Code   RO         8296    x$fpl$fadd          fz_ws.l(faddsub_clz.o)
    0x0800462c   0x0800462c   0x0000000c   Code   RO         8333    x$fpl$fcheck1       fz_ws.l(fcheck1.o)
    0x08004638   0x08004638   0x00000018   Code   RO         8335    x$fpl$fcmpinf       fz_ws.l(fcmpi.o)
    0x08004650   0x08004650   0x00000184   Code   RO         8303    x$fpl$fdiv          fz_ws.l(fdiv.o)
    0x080047d4   0x080047d4   0x00000068   Code   RO         8306    x$fpl$feqf          fz_ws.l(feqf.o)
    0x0800483c   0x0800483c   0x00000036   Code   RO         8308    x$fpl$ffix          fz_ws.l(ffix.o)
    0x08004872   0x08004872   0x00000002   PAD
    0x08004874   0x08004874   0x00000030   Code   RO         8313    x$fpl$fflt          fz_ws.l(fflt_clz.o)
    0x080048a4   0x080048a4   0x00000026   Code   RO         8312    x$fpl$ffltu         fz_ws.l(fflt_clz.o)
    0x080048ca   0x080048ca   0x00000002   PAD
    0x080048cc   0x080048cc   0x00000068   Code   RO         8318    x$fpl$fleqf         fz_ws.l(fleqf.o)
    0x08004934   0x08004934   0x0000008c   Code   RO         8337    x$fpl$fnaninf       fz_ws.l(fnaninf.o)
    0x080049c0   0x080049c0   0x0000000a   Code   RO         8339    x$fpl$fretinf       fz_ws.l(fretinf.o)
    0x080049ca   0x080049ca   0x00000002   PAD
    0x080049cc   0x080049cc   0x000000ea   Code   RO         8298    x$fpl$fsub          fz_ws.l(faddsub_clz.o)
    0x08004ab6   0x08004ab6   0x00000064   Code   RO         8359    x$fpl$retnan        fz_ws.l(retnan.o)
    0x08004b1a   0x08004b1a   0x0000004c   Code   RO         8320    x$fpl$scalbnf       fz_ws.l(scalbnf.o)
    0x08004b66   0x08004b66   0x00000030   Code   RO         8371    x$fpl$trapveneer    fz_ws.l(trapv.o)
    0x08004b96   0x08004b96   0x00000000   Code   RO         8341    x$fpl$usenofp       fz_ws.l(usenofp.o)
    0x08004b96   0x08004b96   0x00000012   Data   RO         1302    .constdata          stm32f1xx_hal_rcc.o
    0x08004ba8   0x08004ba8   0x00000012   Data   RO         1394    .constdata          stm32f1xx_hal_rcc_ex.o
    0x08004bba   0x08004bba   0x00000010   Data   RO         3338    .constdata          system_stm32f1xx.o
    0x08004bca   0x08004bca   0x00000008   Data   RO         3339    .constdata          system_stm32f1xx.o
    0x08004bd2   0x08004bd2   0x00000959   Data   RO         4782    .constdata          u8g2_fonts.o
    0x0800552b   0x0800552b   0x00000da6   Data   RO         4904    .constdata          u8g2_fonts.o
    0x080062d1   0x080062d1   0x00000003   PAD
    0x080062d4   0x080062d4   0x0000000c   Data   RO         7036    .constdata          u8g2_setup.o
    0x080062e0   0x080062e0   0x00000158   Data   RO         7750    .constdata          u8x8_d_ssd1306_128x64_noname.o
    0x08006438   0x08006438   0x00000011   Data   RO         8270    .constdata          c_w.l(__printf_flags_wp.o)
    0x08006449   0x08006449   0x0000000c   Data   RO         8330    .constdata          c_w.l(_monlen.o)
    0x08006455   0x08006455   0x00000003   PAD
    0x08006458   0x08006458   0x00000098   Data   RO          191    .conststring        main.o
    0x080064f0   0x080064f0   0x00000020   Data   RO         8500    Region$$Table       anon$$obj.o


    Execution Region RW_IRAM1 (Exec base: 0x20000000, Load base: 0x08006510, Size: 0x00001550, Max: 0x00005000, ABSOLUTE, COMPRESSED[0x0000010c])

    Exec Addr    Load Addr    Size         Type   Attr      Idx    E Section Name        Object

    0x20000000   COMPRESSED   0x00000078   Data   RW          192    .data               main.o
    0x20000078   COMPRESSED   0x00000078   Data   RW          193    .data               main.o
    0x200000f0   COMPRESSED   0x00000078   Data   RW          194    .data               main.o
    0x20000168   COMPRESSED   0x00000078   Data   RW          195    .data               main.o
    0x200001e0   COMPRESSED   0x00000078   Data   RW          196    .data               main.o
    0x20000258   COMPRESSED   0x00000078   Data   RW          197    .data               main.o
    0x200002d0   COMPRESSED   0x00000120   Data   RW          198    .data               main.o
    0x200003f0   COMPRESSED   0x0000000c   Data   RW         1139    .data               stm32f1xx_hal.o
    0x200003fc   COMPRESSED   0x00000004   Data   RW         3340    .data               system_stm32f1xx.o
    0x20000400   COMPRESSED   0x00000006   Data   RW         7578    .data               u8x8_cad.o
    0x20000406   COMPRESSED   0x00000002   PAD
    0x20000408        -       0x000005c0   Zero   RW          190    .bss                main.o
    0x200009c8        -       0x00000054   Zero   RW          379    .bss                i2c.o
    0x20000a1c        -       0x00000014   Zero   RW          423    .bss                rtc.o
    0x20000a30        -       0x00000090   Zero   RW          481    .bss                tim.o
    0x20000ac0        -       0x00000400   Zero   RW         4376    .bss                u8g2_d_memory.o
    0x20000ec0        -       0x0000002c   Zero   RW         8288    .bss                c_w.l(localtime.o)
    0x20000eec        -       0x00000060   Zero   RW         8374    .bss                c_w.l(libspace.o)
    0x20000f4c   COMPRESSED   0x00000004   PAD
    0x20000f50        -       0x00000200   Zero   RW            2    HEAP                startup_stm32f103xb.o
    0x20001150        -       0x00000400   Zero   RW            1    STACK               startup_stm32f103xb.o


==============================================================================

Image component sizes


      Code (inc. data)   RO Data    RW Data    ZI Data      Debug   Object Name

        32         10          0          0          0        821   encoder.o
       104          8          0          0          0        875   gpio.o
       176         30          0          0         84       1565   i2c.o
        88          4          0          0          0     433972   key.o
      3160        302        152       1008       1472     181599   main.o
         0          0          0          0          0     166595   mui_u8g2.o
       316         24          0          0         20       3709   rtc.o
        64         26        236          0       1536        788   startup_stm32f103xb.o
       164         28          0         12          0       5709   stm32f1xx_hal.o
       198         14          0          0          0      28799   stm32f1xx_hal_cortex.o
       490         34          0          0          0       2819   stm32f1xx_hal_gpio.o
      1398         32          0          0          0       8893   stm32f1xx_hal_i2c.o
        60          8          0          0          0        826   stm32f1xx_hal_msp.o
        12          4          0          0          0        491   stm32f1xx_hal_pwr.o
      1240         84         18          0          0       4968   stm32f1xx_hal_rcc.o
       400         28         18          0          0       2393   stm32f1xx_hal_rcc_ex.o
      1400         12          0          0          0      12300   stm32f1xx_hal_rtc.o
        32         10          0          0          0       1563   stm32f1xx_hal_rtc_ex.o
      1268         24          0          0          0      11948   stm32f1xx_hal_tim.o
       108         12          0          0          0       2305   stm32f1xx_hal_tim_ex.o
        32          6          0          0          0       4056   stm32f1xx_it.o
         2          0         24          4          0       1047   system_stm32f1xx.o
       352         30          0          0        144       2785   tim.o
       248          0          0          0          0       2195   u8g2_bitmap.o
       434          0          0          0          0       2184   u8g2_box.o
       114          0          0          0          0       2359   u8g2_buffer.o
       374          0          0          0          0       3400   u8g2_circle.o
        12          4          0          0       1024        788   u8g2_d_memory.o
        56         14          0          0          0        993   u8g2_d_setup.o
      1212         10          0          0          0      13269   u8g2_font.o
         0          0       5887          0          0     153268   u8g2_fonts.o
       278          0          0          0          0       3416   u8g2_hvline.o
        72          0          0          0          0       1795   u8g2_intersection.o
       144          0          0          0          0       1326   u8g2_ll_hvline.o
       328          0         12          0          0     153736   u8g2_setup.o
        22          0          0          0          0       1737   u8x8_8x8.o
        46          0          0          0          0       1563   u8x8_byte.o
       416         12          0          6          0       8376   u8x8_cad.o
       260         12        344          0          0       2975   u8x8_d_ssd1306_128x64_noname.o
       216          0          0          0          0       4593   u8x8_display.o
        12          0          0          0          0        553   u8x8_gpio.o
        74          4          0          0          0       1638   u8x8_setup.o

    ----------------------------------------------------------------------
     15448        786       6726       1032       4280    1240990   Object Totals
         0          0         32          0          0          0   (incl. Generated)
        34          0          3          2          0          0   (incl. Padding)

    ----------------------------------------------------------------------

      Code (inc. data)   RO Data    RW Data    ZI Data      Debug   Library Member Name

        90          0          0          0          0          0   __dczerorl2.o
         8          0          0          0          0         68   __main.o
       312          4         17          0          0         92   __printf_flags_wp.o
        14          0          0          0          0         68   __printf_wp.o
         0          0          0          0          0          0   __rtentry.o
        12          0          0          0          0          0   __rtentry2.o
         6          0          0          0          0          0   __rtentry4.o
        52          8          0          0          0          0   __scatter.o
        28          0          0          0          0          0   __scatter_zi.o
         0          0         12          0          0          0   _monlen.o
        48          6          0          0          0         96   _printf_char_common.o
         6          0          0          0          0          0   _printf_d.o
       120         16          0          0          0         92   _printf_dec.o
       178          0          0          0          0         88   _printf_intcommon.o
        78          0          0          0          0        108   _printf_pad.o
         0          0          0          0          0          0   _printf_percent.o
         4          0          0          0          0          0   _printf_percent_end.o
        10          0          0          0          0         68   _sputc.o
        18          0          0          0          0         80   exit.o
         6          0          0          0          0        152   heapauxi.o
         0          0          0          0          0          0   indicate_semi.o
         2          0          0          0          0          0   libinit.o
         2          0          0          0          0          0   libinit2.o
         2          0          0          0          0          0   libshutdown.o
         2          0          0          0          0          0   libshutdown2.o
         8          4          0          0         96         68   libspace.o
        12          6          0          0         44         68   localtime.o
       184          6          0          0          0         80   localtime_internal.o
       428         10          0          0          0        116   mktime.o
        40          6          0          0          0         84   noretval__2sprintf.o
        68          0          0          0          0         68   rt_memclr.o
        78          0          0          0          0         80   rt_memclr_w.o
       100          0          0          0          0         80   rt_memcpy_w.o
         2          0          0          0          0          0   rtexit.o
        10          0          0          0          0          0   rtexit2.o
        62          0          0          0          0         76   strlen.o
        12          4          0          0          0         68   sys_exit.o
        74          0          0          0          0         80   sys_stackheap_outer.o
         2          0          0          0          0         68   use_no_semi.o
       430          8          0          0          0        168   faddsub_clz.o
        12          4          0          0          0         68   fcheck1.o
        24          0          0          0          0         68   fcmpi.o
       388         76          0          0          0         96   fdiv.o
       104          4          0          0          0         84   feqf.o
        54          4          0          0          0         84   ffix.o
        86          0          0          0          0        136   fflt_clz.o
       104          4          0          0          0         84   fleqf.o
       140          4          0          0          0         84   fnaninf.o
        10          0          0          0          0         68   fretinf.o
       100          0          0          0          0         68   retnan.o
        76          0          0          0          0         68   scalbnf.o
        48          0          0          0          0         68   trapv.o
         0          0          0          0          0          0   usenofp.o

    ----------------------------------------------------------------------
      3666        174         32          0        144       2992   Library Totals
        12          0          3          0          4          0   (incl. Padding)

    ----------------------------------------------------------------------

      Code (inc. data)   RO Data    RW Data    ZI Data      Debug   Library Name

      2078         70         29          0        140       1848   c_w.l
      1576        104          0          0          0       1144   fz_ws.l

    ----------------------------------------------------------------------
      3666        174         32          0        144       2992   Library Totals

    ----------------------------------------------------------------------

==============================================================================


      Code (inc. data)   RO Data    RW Data    ZI Data      Debug   

     19114        960       6758       1032       4424    1233110   Grand Totals
     19114        960       6758        268       4424    1233110   ELF Image Totals (compressed)
     19114        960       6758        268          0          0   ROM Totals

==============================================================================

    Total RO  Size (Code + RO Data)                25872 (  25.27kB)
    Total RW  Size (RW Data + ZI Data)              5456 (   5.33kB)
    Total ROM Size (Code + RO Data + RW Data)      26140 (  25.53kB)

==============================================================================

