<html>
<body>
<pre>
<h1>µVision Build Log</h1>
<h2>Tool Versions:</h2>
IDE-Version: ¦ÌVision V5.29.0.0
Copyright (C) 2019 ARM Ltd and ARM Germany GmbH. All rights reserved.
License Information: 1 2072828697@qq.com, 1, LIC=ZB4EI-T13MX-KPCZY-I5T34-7FG8T-UHI32
 
Tool Versions:
Toolchain:       MDK-ARM Plus  Version: 5.29.0.0
Toolchain Path:  D:\newapp\keli5\ARM\ARMCC\Bin
C Compiler:      Armcc.exe V5.06 update 6 (build 750)
Assembler:       Armasm.exe V5.06 update 6 (build 750)
Linker/Locator:  ArmLink.exe V5.06 update 6 (build 750)
Library Manager: ArmAr.exe V5.06 update 6 (build 750)
Hex Converter:   FromElf.exe V5.06 update 6 (build 750)
CPU DLL:         SARMCM3.DLL V5.29.0.0
Dialog DLL:      DCM.DLL V1.17.3.0
Target DLL:      STLink\ST-LINKIII-KEIL_SWO.dll V3.0.7.0
Dialog DLL:      TCM.DLL V1.36.5.0
 
<h2>Project:</h2>
D:\STM32CubeMXProjects\menu\MDK-ARM\menu.uvprojx
Project File Date:  12/14/2025

<h2>Output:</h2>
*** Using Compiler 'V5.06 update 6 (build 750)', folder: 'D:\newapp\keli5\ARM\ARMCC\Bin'
Rebuild target 'menu'
assembling startup_stm32f103xb.s...
compiling stm32f1xx_it.c...
compiling stm32f1xx_hal_msp.c...
compiling encoder.c...
compiling i2c.c...
compiling key.c...
compiling gpio.c...
compiling rtc.c...
compiling stm32f1xx_hal_gpio_ex.c...
compiling tim.c...
compiling main.c...
compiling stm32f1xx_hal_cortex.c...
compiling stm32f1xx_hal.c...
compiling stm32f1xx_hal_flash.c...
compiling stm32f1xx_hal_gpio.c...
compiling stm32f1xx_hal_pwr.c...
compiling stm32f1xx_hal_rcc_ex.c...
compiling stm32f1xx_hal_dma.c...
compiling stm32f1xx_hal_flash_ex.c...
compiling stm32f1xx_hal_rcc.c...
compiling mui.c...
compiling u8g2_arc.c...
compiling u8g2_bitmap.c...
compiling stm32f1xx_hal_i2c.c...
compiling mui_u8g2.c...
compiling u8g2_box.c...
compiling u8g2_buffer.c...
compiling u8g2_button.c...
compiling u8g2_circle.c...
compiling u8g2_cleardisplay.c...
compiling u8g2_d_memory.c...
compiling u8g2_d_setup.c...
compiling u8g2_hvline.c...
compiling u8g2_font.c...
compiling u8g2_input_value.c...
compiling u8g2_kerning.c...
compiling u8g2_intersection.c...
compiling u8g2_line.c...
compiling u8g2_ll_hvline.c...
compiling system_stm32f1xx.c...
compiling u8g2_message.c...
compiling u8g2_polygon.c...
compiling stm32f1xx_hal_rtc_ex.c...
compiling stm32f1xx_hal_exti.c...
compiling u8log.c...
compiling u8log_u8x8.c...
compiling u8log_u8g2.c...
compiling u8g2_selection_list.c...
compiling u8g2_setup.c...
compiling stm32f1xx_hal_rtc.c...
compiling u8x8_8x8.c...
compiling u8x8_byte.c...
compiling u8x8_capture.c...
compiling u8x8_d_ssd1306_128x64_noname.c...
compiling u8x8_debounce.c...
compiling u8x8_display.c...
compiling u8x8_cad.c...
compiling stm32f1xx_hal_tim_ex.c...
compiling u8x8_gpio.c...
compiling u8x8_input_value.c...
compiling u8x8_fonts.c...
compiling u8x8_message.c...
compiling u8x8_selection_list.c...
compiling u8x8_setup.c...
compiling u8x8_string.c...
compiling u8x8_u8toa.c...
compiling u8x8_u16toa.c...
compiling stm32f1xx_hal_tim.c...
compiling u8g2_fonts.c...
linking...
Program Size: Code=19114 RO-data=6758 RW-data=1032 ZI-data=4424  
FromELF: creating hex file...
"menu\menu.axf" - 0 Error(s), 0 Warning(s).

<h2>Software Packages used:</h2>

Package Vendor: ARM
                http://www.keil.com/pack/ARM.CMSIS.5.6.0.pack
                ARM.CMSIS.5.6.0
                CMSIS (Cortex Microcontroller Software Interface Standard)
   * Component: CORE Version: 5.3.0

Package Vendor: Keil
                http://www.keil.com/pack/Keil.STM32F1xx_DFP.2.4.0.pack
                Keil.STM32F1xx_DFP.2.4.0
                STMicroelectronics STM32F1 Series Device Support, Drivers and Examples

<h2>Collection of Component include folders:</h2>
  .\RTE\_menu
  D:\newapp\keli5\Arm\Packs\ARM\CMSIS\5.6.0\CMSIS\Core\Include
  D:\newapp\keli5\Arm\Packs\Keil\STM32F1xx_DFP\2.4.0\Device\Include

<h2>Collection of Component Files used:</h2>

   * Component: ARM::CMSIS:CORE:5.3.0
Build Time Elapsed:  00:00:10
</pre>
</body>
</html>
